Archive member included to satisfy reference by file (symbol)

c:/st/stm32cubeide_1.12.0/stm32cubeide/plugins/com.st.stm32cube.ide.mcu.externaltools.gnu-tools-for-stm32.10.3-2021.10.win32_1.0.200.202301161003/tools/bin/../lib/gcc/arm-none-eabi/10.3.1/../../../../arm-none-eabi/lib/thumb/v7e-m+fp/hard\libc_nano.a(lib_a-errno.o)
                              ./Core/Src/syscalls.o (__errno)
c:/st/stm32cubeide_1.12.0/stm32cubeide/plugins/com.st.stm32cube.ide.mcu.externaltools.gnu-tools-for-stm32.10.3-2021.10.win32_1.0.200.202301161003/tools/bin/../lib/gcc/arm-none-eabi/10.3.1/../../../../arm-none-eabi/lib/thumb/v7e-m+fp/hard\libc_nano.a(lib_a-exit.o)
                              c:/st/stm32cubeide_1.12.0/stm32cubeide/plugins/com.st.stm32cube.ide.mcu.externaltools.gnu-tools-for-stm32.10.3-2021.10.win32_1.0.200.202301161003/tools/bin/../lib/gcc/arm-none-eabi/10.3.1/../../../../arm-none-eabi/lib/thumb/v7e-m+fp/hard/crt0.o (exit)
c:/st/stm32cubeide_1.12.0/stm32cubeide/plugins/com.st.stm32cube.ide.mcu.externaltools.gnu-tools-for-stm32.10.3-2021.10.win32_1.0.200.202301161003/tools/bin/../lib/gcc/arm-none-eabi/10.3.1/../../../../arm-none-eabi/lib/thumb/v7e-m+fp/hard\libc_nano.a(lib_a-impure.o)
                              c:/st/stm32cubeide_1.12.0/stm32cubeide/plugins/com.st.stm32cube.ide.mcu.externaltools.gnu-tools-for-stm32.10.3-2021.10.win32_1.0.200.202301161003/tools/bin/../lib/gcc/arm-none-eabi/10.3.1/../../../../arm-none-eabi/lib/thumb/v7e-m+fp/hard\libc_nano.a(lib_a-exit.o) (_global_impure_ptr)
c:/st/stm32cubeide_1.12.0/stm32cubeide/plugins/com.st.stm32cube.ide.mcu.externaltools.gnu-tools-for-stm32.10.3-2021.10.win32_1.0.200.202301161003/tools/bin/../lib/gcc/arm-none-eabi/10.3.1/../../../../arm-none-eabi/lib/thumb/v7e-m+fp/hard\libc_nano.a(lib_a-init.o)
                              c:/st/stm32cubeide_1.12.0/stm32cubeide/plugins/com.st.stm32cube.ide.mcu.externaltools.gnu-tools-for-stm32.10.3-2021.10.win32_1.0.200.202301161003/tools/bin/../lib/gcc/arm-none-eabi/10.3.1/../../../../arm-none-eabi/lib/thumb/v7e-m+fp/hard/crt0.o (__libc_init_array)
c:/st/stm32cubeide_1.12.0/stm32cubeide/plugins/com.st.stm32cube.ide.mcu.externaltools.gnu-tools-for-stm32.10.3-2021.10.win32_1.0.200.202301161003/tools/bin/../lib/gcc/arm-none-eabi/10.3.1/../../../../arm-none-eabi/lib/thumb/v7e-m+fp/hard\libc_nano.a(lib_a-memset.o)
                              c:/st/stm32cubeide_1.12.0/stm32cubeide/plugins/com.st.stm32cube.ide.mcu.externaltools.gnu-tools-for-stm32.10.3-2021.10.win32_1.0.200.202301161003/tools/bin/../lib/gcc/arm-none-eabi/10.3.1/../../../../arm-none-eabi/lib/thumb/v7e-m+fp/hard/crt0.o (memset)
c:/st/stm32cubeide_1.12.0/stm32cubeide/plugins/com.st.stm32cube.ide.mcu.externaltools.gnu-tools-for-stm32.10.3-2021.10.win32_1.0.200.202301161003/tools/bin/../lib/gcc/arm-none-eabi/10.3.1/../../../../arm-none-eabi/lib/thumb/v7e-m+fp/hard\libm.a(lib_a-w_atan2.o)
                              ./Core/Src/drivers/drv_ICM-42670.o (atan2)
c:/st/stm32cubeide_1.12.0/stm32cubeide/plugins/com.st.stm32cube.ide.mcu.externaltools.gnu-tools-for-stm32.10.3-2021.10.win32_1.0.200.202301161003/tools/bin/../lib/gcc/arm-none-eabi/10.3.1/../../../../arm-none-eabi/lib/thumb/v7e-m+fp/hard\libm.a(lib_a-e_atan2.o)
                              c:/st/stm32cubeide_1.12.0/stm32cubeide/plugins/com.st.stm32cube.ide.mcu.externaltools.gnu-tools-for-stm32.10.3-2021.10.win32_1.0.200.202301161003/tools/bin/../lib/gcc/arm-none-eabi/10.3.1/../../../../arm-none-eabi/lib/thumb/v7e-m+fp/hard\libm.a(lib_a-w_atan2.o) (__ieee754_atan2)
c:/st/stm32cubeide_1.12.0/stm32cubeide/plugins/com.st.stm32cube.ide.mcu.externaltools.gnu-tools-for-stm32.10.3-2021.10.win32_1.0.200.202301161003/tools/bin/../lib/gcc/arm-none-eabi/10.3.1/../../../../arm-none-eabi/lib/thumb/v7e-m+fp/hard\libm.a(lib_a-s_atan.o)
                              c:/st/stm32cubeide_1.12.0/stm32cubeide/plugins/com.st.stm32cube.ide.mcu.externaltools.gnu-tools-for-stm32.10.3-2021.10.win32_1.0.200.202301161003/tools/bin/../lib/gcc/arm-none-eabi/10.3.1/../../../../arm-none-eabi/lib/thumb/v7e-m+fp/hard\libm.a(lib_a-e_atan2.o) (atan)
c:/st/stm32cubeide_1.12.0/stm32cubeide/plugins/com.st.stm32cube.ide.mcu.externaltools.gnu-tools-for-stm32.10.3-2021.10.win32_1.0.200.202301161003/tools/bin/../lib/gcc/arm-none-eabi/10.3.1/../../../../arm-none-eabi/lib/thumb/v7e-m+fp/hard\libm.a(lib_a-s_fabs.o)
                              c:/st/stm32cubeide_1.12.0/stm32cubeide/plugins/com.st.stm32cube.ide.mcu.externaltools.gnu-tools-for-stm32.10.3-2021.10.win32_1.0.200.202301161003/tools/bin/../lib/gcc/arm-none-eabi/10.3.1/../../../../arm-none-eabi/lib/thumb/v7e-m+fp/hard\libm.a(lib_a-e_atan2.o) (fabs)
c:/st/stm32cubeide_1.12.0/stm32cubeide/plugins/com.st.stm32cube.ide.mcu.externaltools.gnu-tools-for-stm32.10.3-2021.10.win32_1.0.200.202301161003/tools/bin/../lib/gcc/arm-none-eabi/10.3.1/thumb/v7e-m+fp/hard\libgcc.a(_arm_muldf3.o)
                              ./Core/Src/drivers/drv_ICM-42670.o (__aeabi_dmul)
[...]
Memory Configuration

Name             Origin             Length             Attributes
RAM              0x0000000020000000 0x0000000000010000 xrw
RAM2             0x0000000010000000 0x0000000000004000 xrw
FLASH            0x0000000008000000 0x0000000000040000 xr
*default*        0x0000000000000000 0xffffffffffffffff

Linker script and memory map

LOAD c:/st/stm32cubeide_1.12.0/stm32cubeide/plugins/com.st.stm32cube.ide.mcu.externaltools.gnu-tools-for-stm32.10.3-2021.10.win32_1.0.200.202301161003/tools/bin/../lib/gcc/arm-none-eabi/10.3.1/thumb/v7e-m+fp/hard/crti.o
LOAD c:/st/stm32cubeide_1.12.0/stm32cubeide/plugins/com.st.stm32cube.ide.mcu.externaltools.gnu-tools-for-stm32.10.3-2021.10.win32_1.0.200.202301161003/tools/bin/../lib/gcc/arm-none-eabi/10.3.1/thumb/v7e-m+fp/hard/crtbegin.o
LOAD c:/st/stm32cubeide_1.12.0/stm32cubeide/plugins/com.st.stm32cube.ide.mcu.externaltools.gnu-tools-for-stm32.10.3-2021.10.win32_1.0.200.202301161003/tools/bin/../lib/gcc/arm-none-eabi/10.3.1/../../../../arm-none-eabi/lib/thumb/v7e-m+fp/hard/crt0.o
LOAD ./Core/Src/Footboard_main.o
LOAD ./Core/Src/main.o
LOAD ./Core/Src/stm32l4xx_hal_msp.o
LOAD ./Core/Src/stm32l4xx_it.o
LOAD ./Core/Src/syscalls.o
LOAD ./Core/Src/sysmem.o
LOAD ./Core/Src/system_stm32l4xx.o
LOAD ./Core/Src/drivers/drv_ADS130.o
LOAD ./Core/Src/drivers/drv_CAN_bus.o
LOAD ./Core/Src/drivers/drv_ICM-42670.o
LOAD ./Core/Src/lib/lib_kalman.o
LOAD ./Core/Startup/startup_stm32l431rctx.o
LOAD ./Drivers/STM32L4xx_HAL_Driver/Src/stm32l4xx_hal.o
LOAD ./Drivers/STM32L4xx_HAL_Driver/Src/stm32l4xx_hal_can.o
LOAD ./Drivers/STM32L4xx_HAL_Driver/Src/stm32l4xx_hal_cortex.o
LOAD ./Drivers/STM32L4xx_HAL_Driver/Src/stm32l4xx_hal_dma.o
LOAD ./Drivers/STM32L4xx_HAL_Driver/Src/stm32l4xx_hal_dma_ex.o
LOAD ./Drivers/STM32L4xx_HAL_Driver/Src/stm32l4xx_hal_exti.o
LOAD ./Drivers/STM32L4xx_HAL_Driver/Src/stm32l4xx_hal_flash.o
LOAD ./Drivers/STM32L4xx_HAL_Driver/Src/stm32l4xx_hal_flash_ex.o
LOAD ./Drivers/STM32L4xx_HAL_Driver/Src/stm32l4xx_hal_flash_ramfunc.o
LOAD ./Drivers/STM32L4xx_HAL_Driver/Src/stm32l4xx_hal_gpio.o
LOAD ./Drivers/STM32L4xx_HAL_Driver/Src/stm32l4xx_hal_pwr.o
LOAD ./Drivers/STM32L4xx_HAL_Driver/Src/stm32l4xx_hal_pwr_ex.o
LOAD ./Drivers/STM32L4xx_HAL_Driver/Src/stm32l4xx_hal_rcc.o
LOAD ./Drivers/STM32L4xx_HAL_Driver/Src/stm32l4xx_hal_rcc_ex.o
LOAD ./Drivers/STM32L4xx_HAL_Driver/Src/stm32l4xx_hal_spi.o
LOAD ./Drivers/STM32L4xx_HAL_Driver/Src/stm32l4xx_hal_spi_ex.o
LOAD ./Drivers/STM32L4xx_HAL_Driver/Src/stm32l4xx_hal_tim.o
LOAD ./Drivers/STM32L4xx_HAL_Driver/Src/stm32l4xx_hal_tim_ex.o
START GROUP
LOAD c:/st/stm32cubeide_1.12.0/stm32cubeide/plugins/com.st.stm32cube.ide.mcu.externaltools.gnu-tools-for-stm32.10.3-2021.10.win32_1.0.200.202301161003/tools/bin/../lib/gcc/arm-none-eabi/10.3.1/../../../../arm-none-eabi/lib/thumb/v7e-m+fp/hard\libc_nano.a
LOAD c:/st/stm32cubeide_1.12.0/stm32cubeide/plugins/com.st.stm32cube.ide.mcu.externaltools.gnu-tools-for-stm32.10.3-2021.10.win32_1.0.200.202301161003/tools/bin/../lib/gcc/arm-none-eabi/10.3.1/../../../../arm-none-eabi/lib/thumb/v7e-m+fp/hard\libm.a
END GROUP
START GROUP
LOAD c:/st/stm32cubeide_1.12.0/stm32cubeide/plugins/com.st.stm32cube.ide.mcu.externaltools.gnu-tools-for-stm32.10.3-2021.10.win32_1.0.200.202301161003/tools/bin/../lib/gcc/arm-none-eabi/10.3.1/thumb/v7e-m+fp/hard\libgcc.a
LOAD c:/st/stm32cubeide_1.12.0/stm32cubeide/plugins/com.st.stm32cube.ide.mcu.externaltools.gnu-tools-for-stm32.10.3-2021.10.win32_1.0.200.202301161003/tools/bin/../lib/gcc/arm-none-eabi/10.3.1/../../../../arm-none-eabi/lib/thumb/v7e-m+fp/hard\libc_nano.a
END GROUP
START GROUP
LOAD c:/st/stm32cubeide_1.12.0/stm32cubeide/plugins/com.st.stm32cube.ide.mcu.externaltools.gnu-tools-for-stm32.10.3-2021.10.win32_1.0.200.202301161003/tools/bin/../lib/gcc/arm-none-eabi/10.3.1/thumb/v7e-m+fp/hard\libgcc.a
LOAD c:/st/stm32cubeide_1.12.0/stm32cubeide/plugins/com.st.stm32cube.ide.mcu.externaltools.gnu-tools-for-stm32.10.3-2021.10.win32_1.0.200.202301161003/tools/bin/../lib/gcc/arm-none-eabi/10.3.1/../../../../arm-none-eabi/lib/thumb/v7e-m+fp/hard\libc_nano.a
LOAD c:/st/stm32cubeide_1.12.0/stm32cubeide/plugins/com.st.stm32cube.ide.mcu.externaltools.gnu-tools-for-stm32.10.3-2021.10.win32_1.0.200.202301161003/tools/bin/../lib/gcc/arm-none-eabi/10.3.1/../../../../arm-none-eabi/lib/thumb/v7e-m+fp/hard\libnosys.a
END GROUP
START GROUP
LOAD c:/st/stm32cubeide_1.12.0/stm32cubeide/plugins/com.st.stm32cube.ide.mcu.externaltools.gnu-tools-for-stm32.10.3-2021.10.win32_1.0.200.202301161003/tools/bin/../lib/gcc/arm-none-eabi/10.3.1/thumb/v7e-m+fp/hard\libgcc.a
LOAD c:/st/stm32cubeide_1.12.0/stm32cubeide/plugins/com.st.stm32cube.ide.mcu.externaltools.gnu-tools-for-stm32.10.3-2021.10.win32_1.0.200.202301161003/tools/bin/../lib/gcc/arm-none-eabi/10.3.1/../../../../arm-none-eabi/lib/thumb/v7e-m+fp/hard\libc_nano.a
LOAD c:/st/stm32cubeide_1.12.0/stm32cubeide/plugins/com.st.stm32cube.ide.mcu.externaltools.gnu-tools-for-stm32.10.3-2021.10.win32_1.0.200.202301161003/tools/bin/../lib/gcc/arm-none-eabi/10.3.1/../../../../arm-none-eabi/lib/thumb/v7e-m+fp/hard\libnosys.a
END GROUP
LOAD c:/st/stm32cubeide_1.12.0/stm32cubeide/plugins/com.st.stm32cube.ide.mcu.externaltools.gnu-tools-for-stm32.10.3-2021.10.win32_1.0.200.202301161003/tools/bin/../lib/gcc/arm-none-eabi/10.3.1/thumb/v7e-m+fp/hard/crtend.o
LOAD c:/st/stm32cubeide_1.12.0/stm32cubeide/plugins/com.st.stm32cube.ide.mcu.externaltools.gnu-tools-for-stm32.10.3-2021.10.win32_1.0.200.202301161003/tools/bin/../lib/gcc/arm-none-eabi/10.3.1/thumb/v7e-m+fp/hard/crtn.o
                0x0000000020010000                _estack = (ORIGIN (RAM) + LENGTH (RAM))
                0x0000000000000200                _Min_Heap_Size = 0x200
                0x0000000000000400                _Min_Stack_Size = 0x400

.isr_vector     0x0000000008000000      0x18c
                0x0000000008000000                . = ALIGN (0x4)
 *(.isr_vector)
 .isr_vector    0x0000000008000000      0x18c ./Core/Startup/startup_stm32l431rctx.o
                0x0000000008000000                g_pfnVectors
                0x000000000800018c                . = ALIGN (0x4)

.text           0x0000000008000190     0x541c
                0x0000000008000190                . = ALIGN (0x4)
 *(.text)
 .text          0x0000000008000190       0x40 c:/st/stm32cubeide_1.12.0/stm32cubeide/plugins/com.st.stm32cube.ide.mcu.externaltools.gnu-tools-for-stm32.10.3-2021.10.win32_1.0.200.202301161003/tools/bin/../lib/gcc/arm-none-eabi/10.3.1/thumb/v7e-m+fp/hard/crtbegin.o
 .text          0x00000000080001d0      0x378 c:/st/stm32cubeide_1.12.0/stm32cubeide/plugins/com.st.stm32cube.ide.mcu.externaltools.gnu-tools-for-stm32.10.3-2021.10.win32_1.0.200.202301161003/tools/bin/../lib/gcc/arm-none-eabi/10.3.1/thumb/v7e-m+fp/hard\libgcc.a(_arm_addsubdf3.o)
                0x00000000080001d0                __aeabi_drsub
                0x00000000080001d8                __aeabi_dsub
                0x00000000080001d8                __subdf3
                0x00000000080001dc                __aeabi_dadd
                0x00000000080001dc                __adddf3
                0x0000000008000454                __floatunsidf
                0x0000000008000454                __aeabi_ui2d
                0x0000000008000474                __floatsidf
                0x0000000008000474                __aeabi_i2d
                0x0000000008000498                __aeabi_f2d
                0x0000000008000498                __extendsfdf2
                0x00000000080004dc                __floatundidf
                0x00000000080004dc                __aeabi_ul2d
                0x00000000080004ec                __floatdidf
                0x00000000080004ec                __aeabi_l2d
 .text          0x0000000008000548      0x424 c:/st/stm32cubeide_1.12.0/stm32cubeide/plugins/com.st.stm32cube.ide.mcu.externaltools.gnu-tools-for-stm32.10.3-2021.10.win32_1.0.200.202301161003/tools/bin/../lib/gcc/arm-none-eabi/10.3.1/thumb/v7e-m+fp/hard\libgcc.a(_arm_muldivdf3.o)
                0x0000000008000548                __aeabi_dmul
                0x0000000008000548                __muldf3
                0x000000000800079c                __divdf3
                0x000000000800079c                __aeabi_ddiv
 .text          0x000000000800096c      0x110 c:/st/stm32cubeide_1.12.0/stm32cubeide/plugins/com.st.stm32cube.ide.mcu.externaltools.gnu-tools-for-stm32.10.3-2021.10.win32_1.0.200.202301161003/tools/bin/../lib/gcc/arm-none-eabi/10.3.1/thumb/v7e-m+fp/hard\libgcc.a(_arm_cmpdf2.o)
                0x000000000800096c                __gtdf2
                0x000000000800096c                __gedf2
                0x0000000008000974                __ltdf2
                0x0000000008000974                __ledf2
                0x000000000800097c                __nedf2
                0x000000000800097c                __eqdf2
                0x000000000800097c                __cmpdf2
                0x00000000080009f8                __aeabi_cdrcmple
                0x0000000008000a08                __aeabi_cdcmpeq
                0x0000000008000a08                __aeabi_cdcmple
                0x0000000008000a18                __aeabi_dcmpeq
                0x0000000008000a2c                __aeabi_dcmplt
                0x0000000008000a40                __aeabi_dcmple
                0x0000000008000a54                __aeabi_dcmpge
                0x0000000008000a68                __aeabi_dcmpgt
 .text          0x0000000008000a7c       0xa0 c:/st/stm32cubeide_1.12.0/stm32cubeide/plugins/com.st.stm32cube.ide.mcu.externaltools.gnu-tools-for-stm32.10.3-2021.10.win32_1.0.200.202301161003/tools/bin/../lib/gcc/arm-none-eabi/10.3.1/thumb/v7e-m+fp/hard\libgcc.a(_arm_truncdfsf2.o)
                0x0000000008000a7c                __truncdfsf2
                0x0000000008000a7c                __aeabi_d2f
 *(.text*)
 .text.timer_callback_routine
                0x0000000008000b1c       0xf8 ./Core/Src/Footboard_main.o
                0x0000000008000b1c                timer_callback_routine
 .text.footboard_main
                0x0000000008000c14       0x1c ./Core/Src/Footboard_main.o
                0x0000000008000c14                footboard_main
 .text.HAL_TIM_PeriodElapsedCallback
                0x0000000008000c30       0x14 ./Core/Src/Footboard_main.o
                0x0000000008000c30                HAL_TIM_PeriodElapsedCallback
 .text.main     0x0000000008000c44       0x22 ./Core/Src/main.o
                0x0000000008000c44                main
 .text.SystemClock_Config
                0x0000000008000c66       0xa4 ./Core/Src/main.o
                0x0000000008000c66                SystemClock_Config
 *fill*         0x0000000008000d0a        0x2 
 .text.MX_CAN1_Init
                0x0000000008000d0c       0x6c ./Core/Src/main.o
 .text.MX_SPI1_Init
                0x0000000008000d78       0x7c ./Core/Src/main.o
 .text.MX_TIM2_Init
                0x0000000008000df4       0x9c ./Core/Src/main.o
 .text.MX_GPIO_Init
                0x0000000008000e90      0x194 ./Core/Src/main.o
 .text.Error_Handler
                0x0000000008001024        0xa ./Core/Src/main.o
                0x0000000008001024                Error_Handler
 *fill*         0x000000000800102e        0x2 
 .text.HAL_MspInit
                0x0000000008001030       0x48 ./Core/Src/stm32l4xx_hal_msp.o
                0x0000000008001030                HAL_MspInit
 .text.HAL_CAN_MspInit
                0x0000000008001078       0x98 ./Core/Src/stm32l4xx_hal_msp.o
                0x0000000008001078                HAL_CAN_MspInit
 .text.HAL_SPI_MspInit
                0x0000000008001110       0x84 ./Core/Src/stm32l4xx_hal_msp.o
                0x0000000008001110                HAL_SPI_MspInit
 .text.HAL_TIM_Base_MspInit
                0x0000000008001194       0x48 ./Core/Src/stm32l4xx_hal_msp.o
                0x0000000008001194                HAL_TIM_Base_MspInit
 .text.NMI_Handler
                0x00000000080011dc        0x6 ./Core/Src/stm32l4xx_it.o
                0x00000000080011dc                NMI_Handler
 .text.HardFault_Handler
                0x00000000080011e2        0x6 ./Core/Src/stm32l4xx_it.o
                0x00000000080011e2                HardFault_Handler
 .text.MemManage_Handler
                0x00000000080011e8        0x6 ./Core/Src/stm32l4xx_it.o
                0x00000000080011e8                MemManage_Handler
 .text.BusFault_Handler
                0x00000000080011ee        0x6 ./Core/Src/stm32l4xx_it.o
                0x00000000080011ee                BusFault_Handler
 .text.UsageFault_Handler
                0x00000000080011f4        0x6 ./Core/Src/stm32l4xx_it.o
                0x00000000080011f4                UsageFault_Handler
 .text.SVC_Handler
                0x00000000080011fa        0xe ./Core/Src/stm32l4xx_it.o
                0x00000000080011fa                SVC_Handler
 .text.DebugMon_Handler
                0x0000000008001208        0xe ./Core/Src/stm32l4xx_it.o
                0x0000000008001208                DebugMon_Handler
 .text.PendSV_Handler
                0x0000000008001216        0xe ./Core/Src/stm32l4xx_it.o
                0x0000000008001216                PendSV_Handler
 .text.SysTick_Handler
                0x0000000008001224        0xc ./Core/Src/stm32l4xx_it.o
                0x0000000008001224                SysTick_Handler
 .text.CAN1_RX0_IRQHandler
                0x0000000008001230       0x14 ./Core/Src/stm32l4xx_it.o
                0x0000000008001230                CAN1_RX0_IRQHandler
 .text.TIM2_IRQHandler
                0x0000000008001244       0x14 ./Core/Src/stm32l4xx_it.o
                0x0000000008001244                TIM2_IRQHandler
 .text.SystemInit
                0x0000000008001258       0x24 ./Core/Src/system_stm32l4xx.o
                0x0000000008001258                SystemInit
 .text.ADC_init
                0x000000000800127c       0x64 ./Core/Src/drivers/drv_ADS130.o
                0x000000000800127c                ADC_init
 .text.CAN_bus_Init
                0x00000000080012e0       0xa8 ./Core/Src/drivers/drv_CAN_bus.o
                0x00000000080012e0                CAN_bus_Init
 .text.HAL_CAN_RxFifo0MsgPendingCallback
                0x0000000008001388       0x70 ./Core/Src/drivers/drv_CAN_bus.o
                0x0000000008001388                HAL_CAN_RxFifo0MsgPendingCallback
 .text.init_IMU
                0x00000000080013f8      0x128 ./Core/Src/drivers/drv_ICM-42670.o
                0x00000000080013f8                init_IMU
 .text.update_IMU_data
                0x0000000008001520      0x1a4 ./Core/Src/drivers/drv_ICM-42670.o
                0x0000000008001520                update_IMU_data
 *fill*         0x00000000080016c4        0x4 
 .text.update_IMU_orient_data
                0x00000000080016c8      0x2c8 ./Core/Src/drivers/drv_ICM-42670.o
                0x00000000080016c8                update_IMU_orient_data
 .text.get_IMU_orient_x
                0x0000000008001990       0x1c ./Core/Src/drivers/drv_ICM-42670.o
                0x0000000008001990                get_IMU_orient_x
 .text.get_IMU_orient_y
                0x00000000080019ac       0x1c ./Core/Src/drivers/drv_ICM-42670.o
                0x00000000080019ac                get_IMU_orient_y
 .text.get_IMU_orient_z
                0x00000000080019c8       0x1c ./Core/Src/drivers/drv_ICM-42670.o
                0x00000000080019c8                get_IMU_orient_z
 .text.Reset_Handler
                0x00000000080019e4       0x50 ./Core/Startup/startup_stm32l431rctx.o
                0x00000000080019e4                Reset_Handler
 .text.Default_Handler
                0x0000000008001a34        0x2 ./Core/Startup/startup_stm32l431rctx.o
                0x0000000008001a34                RTC_Alarm_IRQHandler
                0x0000000008001a34                EXTI2_IRQHandler
                0x0000000008001a34                TIM1_CC_IRQHandler
                0x0000000008001a34                TSC_IRQHandler
                0x0000000008001a34                TAMP_STAMP_IRQHandler
                0x0000000008001a34                EXTI3_IRQHandler
                0x0000000008001a34                LPTIM2_IRQHandler
                0x0000000008001a34                I2C3_ER_IRQHandler
                0x0000000008001a34                EXTI0_IRQHandler
                0x0000000008001a34                I2C2_EV_IRQHandler
                0x0000000008001a34                FPU_IRQHandler
                0x0000000008001a34                TIM1_UP_TIM16_IRQHandler
                0x0000000008001a34                SPI1_IRQHandler
                0x0000000008001a34                TIM6_DAC_IRQHandler
                0x0000000008001a34                DMA2_Channel2_IRQHandler
                0x0000000008001a34                DMA1_Channel4_IRQHandler
                0x0000000008001a34                ADC1_IRQHandler
                0x0000000008001a34                USART3_IRQHandler
                0x0000000008001a34                DMA1_Channel7_IRQHandler
                0x0000000008001a34                CAN1_RX1_IRQHandler
                0x0000000008001a34                DMA2_Channel1_IRQHandler
                0x0000000008001a34                QUADSPI_IRQHandler
                0x0000000008001a34                I2C1_EV_IRQHandler
                0x0000000008001a34                DMA1_Channel6_IRQHandler
                0x0000000008001a34                DMA2_Channel4_IRQHandler
                0x0000000008001a34                RCC_IRQHandler
                0x0000000008001a34                TIM1_TRG_COM_IRQHandler
                0x0000000008001a34                DMA1_Channel1_IRQHandler
                0x0000000008001a34                Default_Handler
                0x0000000008001a34                DMA2_Channel7_IRQHandler
                0x0000000008001a34                EXTI15_10_IRQHandler
                0x0000000008001a34                TIM7_IRQHandler
                0x0000000008001a34                SDMMC1_IRQHandler
                0x0000000008001a34                I2C3_EV_IRQHandler
                0x0000000008001a34                EXTI9_5_IRQHandler
                0x0000000008001a34                RTC_WKUP_IRQHandler
                0x0000000008001a34                PVD_PVM_IRQHandler
                0x0000000008001a34                SPI2_IRQHandler
                0x0000000008001a34                CAN1_TX_IRQHandler
                0x0000000008001a34                DMA2_Channel5_IRQHandler
                0x0000000008001a34                CRS_IRQHandler
                0x0000000008001a34                DMA1_Channel5_IRQHandler
                0x0000000008001a34                EXTI4_IRQHandler
                0x0000000008001a34                RNG_IRQHandler
                0x0000000008001a34                DMA1_Channel3_IRQHandler
                0x0000000008001a34                COMP_IRQHandler
                0x0000000008001a34                WWDG_IRQHandler
                0x0000000008001a34                LPUART1_IRQHandler
                0x0000000008001a34                DMA2_Channel6_IRQHandler
                0x0000000008001a34                EXTI1_IRQHandler
                0x0000000008001a34                USART2_IRQHandler
                0x0000000008001a34                I2C2_ER_IRQHandler
                0x0000000008001a34                DMA1_Channel2_IRQHandler
                0x0000000008001a34                CAN1_SCE_IRQHandler
                0x0000000008001a34                FLASH_IRQHandler
                0x0000000008001a34                USART1_IRQHandler
                0x0000000008001a34                SPI3_IRQHandler
                0x0000000008001a34                I2C1_ER_IRQHandler
                0x0000000008001a34                SWPMI1_IRQHandler
                0x0000000008001a34                LPTIM1_IRQHandler
                0x0000000008001a34                SAI1_IRQHandler
                0x0000000008001a34                DMA2_Channel3_IRQHandler
                0x0000000008001a34                TIM1_BRK_TIM15_IRQHandler
 .text.HAL_Init
                0x0000000008001a36       0x30 ./Drivers/STM32L4xx_HAL_Driver/Src/stm32l4xx_hal.o
                0x0000000008001a36                HAL_Init
 *fill*         0x0000000008001a66        0x2 
 .text.HAL_InitTick
                0x0000000008001a68       0x78 ./Drivers/STM32L4xx_HAL_Driver/Src/stm32l4xx_hal.o
                0x0000000008001a68                HAL_InitTick
 .text.HAL_IncTick
                0x0000000008001ae0       0x28 ./Drivers/STM32L4xx_HAL_Driver/Src/stm32l4xx_hal.o
                0x0000000008001ae0                HAL_IncTick
 .text.HAL_GetTick
                0x0000000008001b08       0x18 ./Drivers/STM32L4xx_HAL_Driver/Src/stm32l4xx_hal.o
                0x0000000008001b08                HAL_GetTick
 .text.HAL_CAN_Init
                0x0000000008001b20      0x1f6 ./Drivers/STM32L4xx_HAL_Driver/Src/stm32l4xx_hal_can.o
                0x0000000008001b20                HAL_CAN_Init
 .text.HAL_CAN_ConfigFilter
                0x0000000008001d16      0x194 ./Drivers/STM32L4xx_HAL_Driver/Src/stm32l4xx_hal_can.o
                0x0000000008001d16                HAL_CAN_ConfigFilter
 .text.HAL_CAN_Start
                0x0000000008001eaa       0x88 ./Drivers/STM32L4xx_HAL_Driver/Src/stm32l4xx_hal_can.o
                0x0000000008001eaa                HAL_CAN_Start
 .text.HAL_CAN_AddTxMessage
                0x0000000008001f32      0x1a0 ./Drivers/STM32L4xx_HAL_Driver/Src/stm32l4xx_hal_can.o
                0x0000000008001f32                HAL_CAN_AddTxMessage
 .text.HAL_CAN_GetRxMessage
                0x00000000080020d2      0x224 ./Drivers/STM32L4xx_HAL_Driver/Src/stm32l4xx_hal_can.o
                0x00000000080020d2                HAL_CAN_GetRxMessage
 .text.HAL_CAN_ActivateNotification
                0x00000000080022f6       0x4c ./Drivers/STM32L4xx_HAL_Driver/Src/stm32l4xx_hal_can.o
                0x00000000080022f6                HAL_CAN_ActivateNotification
 .text.HAL_CAN_IRQHandler
                0x0000000008002342      0x36e ./Drivers/STM32L4xx_HAL_Driver/Src/stm32l4xx_hal_can.o
                0x0000000008002342                HAL_CAN_IRQHandler
 .text.HAL_CAN_TxMailbox0CompleteCallback
                0x00000000080026b0       0x14 ./Drivers/STM32L4xx_HAL_Driver/Src/stm32l4xx_hal_can.o
                0x00000000080026b0                HAL_CAN_TxMailbox0CompleteCallback
 .text.HAL_CAN_TxMailbox1CompleteCallback
                0x00000000080026c4       0x14 ./Drivers/STM32L4xx_HAL_Driver/Src/stm32l4xx_hal_can.o
                0x00000000080026c4                HAL_CAN_TxMailbox1CompleteCallback
 .text.HAL_CAN_TxMailbox2CompleteCallback
                0x00000000080026d8       0x14 ./Drivers/STM32L4xx_HAL_Driver/Src/stm32l4xx_hal_can.o
                0x00000000080026d8                HAL_CAN_TxMailbox2CompleteCallback
 .text.HAL_CAN_TxMailbox0AbortCallback
                0x00000000080026ec       0x14 ./Drivers/STM32L4xx_HAL_Driver/Src/stm32l4xx_hal_can.o
                0x00000000080026ec                HAL_CAN_TxMailbox0AbortCallback
 .text.HAL_CAN_TxMailbox1AbortCallback
                0x0000000008002700       0x14 ./Drivers/STM32L4xx_HAL_Driver/Src/stm32l4xx_hal_can.o
                0x0000000008002700                HAL_CAN_TxMailbox1AbortCallback
 .text.HAL_CAN_TxMailbox2AbortCallback
                0x0000000008002714       0x14 ./Drivers/STM32L4xx_HAL_Driver/Src/stm32l4xx_hal_can.o
                0x0000000008002714                HAL_CAN_TxMailbox2AbortCallback
 .text.HAL_CAN_RxFifo0FullCallback
                0x0000000008002728       0x14 ./Drivers/STM32L4xx_HAL_Driver/Src/stm32l4xx_hal_can.o
                0x0000000008002728                HAL_CAN_RxFifo0FullCallback
 .text.HAL_CAN_RxFifo1MsgPendingCallback
                0x000000000800273c       0x14 ./Drivers/STM32L4xx_HAL_Driver/Src/stm32l4xx_hal_can.o
                0x000000000800273c                HAL_CAN_RxFifo1MsgPendingCallback
 .text.HAL_CAN_RxFifo1FullCallback
                0x0000000008002750       0x14 ./Drivers/STM32L4xx_HAL_Driver/Src/stm32l4xx_hal_can.o
                0x0000000008002750                HAL_CAN_RxFifo1FullCallback
 .text.HAL_CAN_SleepCallback
                0x0000000008002764       0x14 ./Drivers/STM32L4xx_HAL_Driver/Src/stm32l4xx_hal_can.o
                0x0000000008002764                HAL_CAN_SleepCallback
 .text.HAL_CAN_WakeUpFromRxMsgCallback
                0x0000000008002778       0x14 ./Drivers/STM32L4xx_HAL_Driver/Src/stm32l4xx_hal_can.o
                0x0000000008002778                HAL_CAN_WakeUpFromRxMsgCallback
 .text.HAL_CAN_ErrorCallback
                0x000000000800278c       0x14 ./Drivers/STM32L4xx_HAL_Driver/Src/stm32l4xx_hal_can.o
                0x000000000800278c                HAL_CAN_ErrorCallback
 .text.__NVIC_SetPriorityGrouping
                0x00000000080027a0       0x48 ./Drivers/STM32L4xx_HAL_Driver/Src/stm32l4xx_hal_cortex.o
 .text.__NVIC_GetPriorityGrouping
                0x00000000080027e8       0x1c ./Drivers/STM32L4xx_HAL_Driver/Src/stm32l4xx_hal_cortex.o
 .text.__NVIC_EnableIRQ
                0x0000000008002804       0x3c ./Drivers/STM32L4xx_HAL_Driver/Src/stm32l4xx_hal_cortex.o
 .text.__NVIC_SetPriority
                0x0000000008002840       0x54 ./Drivers/STM32L4xx_HAL_Driver/Src/stm32l4xx_hal_cortex.o
 .text.NVIC_EncodePriority
                0x0000000008002894       0x66 ./Drivers/STM32L4xx_HAL_Driver/Src/stm32l4xx_hal_cortex.o
 *fill*         0x00000000080028fa        0x2 
 .text.SysTick_Config
                0x00000000080028fc       0x44 ./Drivers/STM32L4xx_HAL_Driver/Src/stm32l4xx_hal_cortex.o
 .text.HAL_NVIC_SetPriorityGrouping
                0x0000000008002940       0x16 ./Drivers/STM32L4xx_HAL_Driver/Src/stm32l4xx_hal_cortex.o
                0x0000000008002940                HAL_NVIC_SetPriorityGrouping
 .text.HAL_NVIC_SetPriority
                0x0000000008002956       0x38 ./Drivers/STM32L4xx_HAL_Driver/Src/stm32l4xx_hal_cortex.o
                0x0000000008002956                HAL_NVIC_SetPriority
 .text.HAL_NVIC_EnableIRQ
                0x000000000800298e       0x1c ./Drivers/STM32L4xx_HAL_Driver/Src/stm32l4xx_hal_cortex.o
                0x000000000800298e                HAL_NVIC_EnableIRQ
 .text.HAL_SYSTICK_Config
                0x00000000080029aa       0x18 ./Drivers/STM32L4xx_HAL_Driver/Src/stm32l4xx_hal_cortex.o
                0x00000000080029aa                HAL_SYSTICK_Config
 *fill*         0x00000000080029c2        0x2 
 .text.HAL_GPIO_Init
                0x00000000080029c4      0x2f4 ./Drivers/STM32L4xx_HAL_Driver/Src/stm32l4xx_hal_gpio.o
                0x00000000080029c4                HAL_GPIO_Init
 .text.HAL_GPIO_WritePin
                0x0000000008002cb8       0x30 ./Drivers/STM32L4xx_HAL_Driver/Src/stm32l4xx_hal_gpio.o
                0x0000000008002cb8                HAL_GPIO_WritePin
 .text.HAL_PWREx_GetVoltageRange
                0x0000000008002ce8       0x1c ./Drivers/STM32L4xx_HAL_Driver/Src/stm32l4xx_hal_pwr_ex.o
                0x0000000008002ce8                HAL_PWREx_GetVoltageRange
 .text.HAL_PWREx_ControlVoltageScaling
                0x0000000008002d04       0xac ./Drivers/STM32L4xx_HAL_Driver/Src/stm32l4xx_hal_pwr_ex.o
                0x0000000008002d04                HAL_PWREx_ControlVoltageScaling
 .text.HAL_RCC_OscConfig
                0x0000000008002db0      0x828 ./Drivers/STM32L4xx_HAL_Driver/Src/stm32l4xx_hal_rcc.o
                0x0000000008002db0                HAL_RCC_OscConfig
 .text.HAL_RCC_ClockConfig
                0x00000000080035d8      0x200 ./Drivers/STM32L4xx_HAL_Driver/Src/stm32l4xx_hal_rcc.o
                0x00000000080035d8                HAL_RCC_ClockConfig
 .text.HAL_RCC_GetSysClockFreq
                0x00000000080037d8      0x118 ./Drivers/STM32L4xx_HAL_Driver/Src/stm32l4xx_hal_rcc.o
                0x00000000080037d8                HAL_RCC_GetSysClockFreq
 .text.RCC_SetFlashLatencyFromMSIRange
                0x00000000080038f0       0xc0 ./Drivers/STM32L4xx_HAL_Driver/Src/stm32l4xx_hal_rcc.o
 .text.HAL_SPI_Init
                0x00000000080039b0      0x146 ./Drivers/STM32L4xx_HAL_Driver/Src/stm32l4xx_hal_spi.o
                0x00000000080039b0                HAL_SPI_Init
 .text.HAL_SPI_Transmit
                0x0000000008003af6      0x2dc ./Drivers/STM32L4xx_HAL_Driver/Src/stm32l4xx_hal_spi.o
                0x0000000008003af6                HAL_SPI_Transmit
 .text.HAL_SPI_Receive
                0x0000000008003dd2      0x260 ./Drivers/STM32L4xx_HAL_Driver/Src/stm32l4xx_hal_spi.o
                0x0000000008003dd2                HAL_SPI_Receive
 .text.HAL_SPI_TransmitReceive
                0x0000000008004032      0x426 ./Drivers/STM32L4xx_HAL_Driver/Src/stm32l4xx_hal_spi.o
                0x0000000008004032                HAL_SPI_TransmitReceive
 .text.SPI_WaitFlagStateUntilTimeout
                0x0000000008004458      0x110 ./Drivers/STM32L4xx_HAL_Driver/Src/stm32l4xx_hal_spi.o
 .text.SPI_WaitFifoStateUntilTimeout
                0x0000000008004568      0x12c ./Drivers/STM32L4xx_HAL_Driver/Src/stm32l4xx_hal_spi.o
 .text.SPI_EndRxTransaction
                0x0000000008004694       0xb0 ./Drivers/STM32L4xx_HAL_Driver/Src/stm32l4xx_hal_spi.o
 .text.SPI_EndRxTxTransaction
                0x0000000008004744       0x8c ./Drivers/STM32L4xx_HAL_Driver/Src/stm32l4xx_hal_spi.o
 .text.HAL_TIM_Base_Init
                0x00000000080047d0       0xae ./Drivers/STM32L4xx_HAL_Driver/Src/stm32l4xx_hal_tim.o
                0x00000000080047d0                HAL_TIM_Base_Init
 *fill*         0x000000000800487e        0x2 
 .text.HAL_TIM_Base_Start_IT
                0x0000000008004880       0xa8 ./Drivers/STM32L4xx_HAL_Driver/Src/stm32l4xx_hal_tim.o
                0x0000000008004880                HAL_TIM_Base_Start_IT
 .text.HAL_TIM_IRQHandler
                0x0000000008004928      0x23e ./Drivers/STM32L4xx_HAL_Driver/Src/stm32l4xx_hal_tim.o
                0x0000000008004928                HAL_TIM_IRQHandler
 .text.HAL_TIM_ConfigClockSource
                0x0000000008004b66      0x192 ./Drivers/STM32L4xx_HAL_Driver/Src/stm32l4xx_hal_tim.o
                0x0000000008004b66                HAL_TIM_ConfigClockSource
 .text.HAL_TIM_OC_DelayElapsedCallback
                0x0000000008004cf8       0x14 ./Drivers/STM32L4xx_HAL_Driver/Src/stm32l4xx_hal_tim.o
                0x0000000008004cf8                HAL_TIM_OC_DelayElapsedCallback
 .text.HAL_TIM_IC_CaptureCallback
                0x0000000008004d0c       0x14 ./Drivers/STM32L4xx_HAL_Driver/Src/stm32l4xx_hal_tim.o
                0x0000000008004d0c                HAL_TIM_IC_CaptureCallback
 .text.HAL_TIM_PWM_PulseFinishedCallback
                0x0000000008004d20       0x14 ./Drivers/STM32L4xx_HAL_Driver/Src/stm32l4xx_hal_tim.o
                0x0000000008004d20                HAL_TIM_PWM_PulseFinishedCallback
 .text.HAL_TIM_TriggerCallback
                0x0000000008004d34       0x14 ./Drivers/STM32L4xx_HAL_Driver/Src/stm32l4xx_hal_tim.o
                0x0000000008004d34                HAL_TIM_TriggerCallback
 .text.TIM_Base_SetConfig
                0x0000000008004d48       0xc8 ./Drivers/STM32L4xx_HAL_Driver/Src/stm32l4xx_hal_tim.o
                0x0000000008004d48                TIM_Base_SetConfig
 .text.TIM_TI1_ConfigInputStage
                0x0000000008004e10       0x5e ./Drivers/STM32L4xx_HAL_Driver/Src/stm32l4xx_hal_tim.o
 .text.TIM_TI2_ConfigInputStage
                0x0000000008004e6e       0x60 ./Drivers/STM32L4xx_HAL_Driver/Src/stm32l4xx_hal_tim.o
 .text.TIM_ITRx_SetConfig
                0x0000000008004ece       0x36 ./Drivers/STM32L4xx_HAL_Driver/Src/stm32l4xx_hal_tim.o
 .text.TIM_ETR_SetConfig
                0x0000000008004f04       0x40 ./Drivers/STM32L4xx_HAL_Driver/Src/stm32l4xx_hal_tim.o
                0x0000000008004f04                TIM_ETR_SetConfig
 .text.HAL_TIMEx_MasterConfigSynchronization
                0x0000000008004f44       0xcc ./Drivers/STM32L4xx_HAL_Driver/Src/stm32l4xx_hal_tim_ex.o
                0x0000000008004f44                HAL_TIMEx_MasterConfigSynchronization
 .text.HAL_TIMEx_CommutCallback
                0x0000000008005010       0x14 ./Drivers/STM32L4xx_HAL_Driver/Src/stm32l4xx_hal_tim_ex.o
                0x0000000008005010                HAL_TIMEx_CommutCallback
 .text.HAL_TIMEx_BreakCallback
                0x0000000008005024       0x14 ./Drivers/STM32L4xx_HAL_Driver/Src/stm32l4xx_hal_tim_ex.o
                0x0000000008005024                HAL_TIMEx_BreakCallback
 .text.HAL_TIMEx_Break2Callback
                0x0000000008005038       0x14 ./Drivers/STM32L4xx_HAL_Driver/Src/stm32l4xx_hal_tim_ex.o
                0x0000000008005038                HAL_TIMEx_Break2Callback
 .text.__libc_init_array
                0x000000000800504c       0x48 c:/st/stm32cubeide_1.12.0/stm32cubeide/plugins/com.st.stm32cube.ide.mcu.externaltools.gnu-tools-for-stm32.10.3-2021.10.win32_1.0.200.202301161003/tools/bin/../lib/gcc/arm-none-eabi/10.3.1/../../../../arm-none-eabi/lib/thumb/v7e-m+fp/hard\libc_nano.a(lib_a-init.o)
                0x000000000800504c                __libc_init_array
 .text.memset   0x0000000008005094       0x10 c:/st/stm32cubeide_1.12.0/stm32cubeide/plugins/com.st.stm32cube.ide.mcu.externaltools.gnu-tools-for-stm32.10.3-2021.10.win32_1.0.200.202301161003/tools/bin/../lib/gcc/arm-none-eabi/10.3.1/../../../../arm-none-eabi/lib/thumb/v7e-m+fp/hard\libc_nano.a(lib_a-memset.o)
                0x0000000008005094                memset
 .text.atan2    0x00000000080050a4        0x4 c:/st/stm32cubeide_1.12.0/stm32cubeide/plugins/com.st.stm32cube.ide.mcu.externaltools.gnu-tools-for-stm32.10.3-2021.10.win32_1.0.200.202301161003/tools/bin/../lib/gcc/arm-none-eabi/10.3.1/../../../../arm-none-eabi/lib/thumb/v7e-m+fp/hard\libm.a(lib_a-w_atan2.o)
                0x00000000080050a4                atan2
 .text.__ieee754_atan2
                0x00000000080050a8      0x194 c:/st/stm32cubeide_1.12.0/stm32cubeide/plugins/com.st.stm32cube.ide.mcu.externaltools.gnu-tools-for-stm32.10.3-2021.10.win32_1.0.200.202301161003/tools/bin/../lib/gcc/arm-none-eabi/10.3.1/../../../../arm-none-eabi/lib/thumb/v7e-m+fp/hard\libm.a(lib_a-e_atan2.o)
                0x00000000080050a8                __ieee754_atan2
 *fill*         0x000000000800523c        0x4 
 .text.atan     0x0000000008005240      0x340 c:/st/stm32cubeide_1.12.0/stm32cubeide/plugins/com.st.stm32cube.ide.mcu.externaltools.gnu-tools-for-stm32.10.3-2021.10.win32_1.0.200.202301161003/tools/bin/../lib/gcc/arm-none-eabi/10.3.1/../../../../arm-none-eabi/lib/thumb/v7e-m+fp/hard\libm.a(lib_a-s_atan.o)
                0x0000000008005240                atan
 .text.fabs     0x0000000008005580       0x12 c:/st/stm32cubeide_1.12.0/stm32cubeide/plugins/com.st.stm32cube.ide.mcu.externaltools.gnu-tools-for-stm32.10.3-2021.10.win32_1.0.200.202301161003/tools/bin/../lib/gcc/arm-none-eabi/10.3.1/../../../../arm-none-eabi/lib/thumb/v7e-m+fp/hard\libm.a(lib_a-s_fabs.o)
                0x0000000008005580                fabs
 *(.glue_7)
 .glue_7        0x0000000008005592        0x0 linker stubs
 *(.glue_7t)
 .glue_7t       0x0000000008005592        0x0 linker stubs
 *(.eh_frame)
 *fill*         0x0000000008005592        0x2 
 .eh_frame      0x0000000008005594        0x0 c:/st/stm32cubeide_1.12.0/stm32cubeide/plugins/com.st.stm32cube.ide.mcu.externaltools.gnu-tools-for-stm32.10.3-2021.10.win32_1.0.200.202301161003/tools/bin/../lib/gcc/arm-none-eabi/10.3.1/thumb/v7e-m+fp/hard/crtbegin.o
 *(.init)
 .init          0x0000000008005594        0x4 c:/st/stm32cubeide_1.12.0/stm32cubeide/plugins/com.st.stm32cube.ide.mcu.externaltools.gnu-tools-for-stm32.10.3-2021.10.win32_1.0.200.202301161003/tools/bin/../lib/gcc/arm-none-eabi/10.3.1/thumb/v7e-m+fp/hard/crti.o
                0x0000000008005594                _init
 .init          0x0000000008005598        0x8 c:/st/stm32cubeide_1.12.0/stm32cubeide/plugins/com.st.stm32cube.ide.mcu.externaltools.gnu-tools-for-stm32.10.3-2021.10.win32_1.0.200.202301161003/tools/bin/../lib/gcc/arm-none-eabi/10.3.1/thumb/v7e-m+fp/hard/crtn.o
 *(.fini)
 .fini          0x00000000080055a0        0x4 c:/st/stm32cubeide_1.12.0/stm32cubeide/plugins/com.st.stm32cube.ide.mcu.externaltools.gnu-tools-for-stm32.10.3-2021.10.win32_1.0.200.202301161003/tools/bin/../lib/gcc/arm-none-eabi/10.3.1/thumb/v7e-m+fp/hard/crti.o
                0x00000000080055a0                _fini
 .fini          0x00000000080055a4        0x8 c:/st/stm32cubeide_1.12.0/stm32cubeide/plugins/com.st.stm32cube.ide.mcu.externaltools.gnu-tools-for-stm32.10.3-2021.10.win32_1.0.200.202301161003/tools/bin/../lib/gcc/arm-none-eabi/10.3.1/thumb/v7e-m+fp/hard/crtn.o
                0x00000000080055ac                . = ALIGN (0x4)
                0x00000000080055ac                _etext = .

.vfp11_veneer   0x00000000080055ac        0x0
 .vfp11_veneer  0x00000000080055ac        0x0 linker stubs

.v4_bx          0x00000000080055ac        0x0
 .v4_bx         0x00000000080055ac        0x0 linker stubs

.iplt           0x00000000080055ac        0x0
 .iplt          0x00000000080055ac        0x0 c:/st/stm32cubeide_1.12.0/stm32cubeide/plugins/com.st.stm32cube.ide.mcu.externaltools.gnu-tools-for-stm32.10.3-2021.10.win32_1.0.200.202301161003/tools/bin/../lib/gcc/arm-none-eabi/10.3.1/thumb/v7e-m+fp/hard/crtbegin.o

.rodata         0x00000000080055b0       0xb8
                0x00000000080055b0                . = ALIGN (0x4)
 *(.rodata)
 *(.rodata*)
 .rodata.AHBPrescTable
                0x00000000080055b0       0x10 ./Core/Src/system_stm32l4xx.o
                0x00000000080055b0                AHBPrescTable
 .rodata.MSIRangeTable
                0x00000000080055c0       0x30 ./Core/Src/system_stm32l4xx.o
                0x00000000080055c0                MSIRangeTable
 .rodata.ACCEL_DATA_X1
                0x00000000080055f0        0x1 ./Core/Src/drivers/drv_ICM-42670.o
                0x00000000080055f0                ACCEL_DATA_X1
 *fill*         0x00000000080055f1        0x7 
 .rodata.CSWTCH.8
                0x00000000080055f8       0x18 c:/st/stm32cubeide_1.12.0/stm32cubeide/plugins/com.st.stm32cube.ide.mcu.externaltools.gnu-tools-for-stm32.10.3-2021.10.win32_1.0.200.202301161003/tools/bin/../lib/gcc/arm-none-eabi/10.3.1/../../../../arm-none-eabi/lib/thumb/v7e-m+fp/hard\libm.a(lib_a-e_atan2.o)
 .rodata.CSWTCH.9
                0x0000000008005610       0x18 c:/st/stm32cubeide_1.12.0/stm32cubeide/plugins/com.st.stm32cube.ide.mcu.externaltools.gnu-tools-for-stm32.10.3-2021.10.win32_1.0.200.202301161003/tools/bin/../lib/gcc/arm-none-eabi/10.3.1/../../../../arm-none-eabi/lib/thumb/v7e-m+fp/hard\libm.a(lib_a-e_atan2.o)
 .rodata.atanhi
                0x0000000008005628       0x20 c:/st/stm32cubeide_1.12.0/stm32cubeide/plugins/com.st.stm32cube.ide.mcu.externaltools.gnu-tools-for-stm32.10.3-2021.10.win32_1.0.200.202301161003/tools/bin/../lib/gcc/arm-none-eabi/10.3.1/../../../../arm-none-eabi/lib/thumb/v7e-m+fp/hard\libm.a(lib_a-s_atan.o)
 .rodata.atanlo
                0x0000000008005648       0x20 c:/st/stm32cubeide_1.12.0/stm32cubeide/plugins/com.st.stm32cube.ide.mcu.externaltools.gnu-tools-for-stm32.10.3-2021.10.win32_1.0.200.202301161003/tools/bin/../lib/gcc/arm-none-eabi/10.3.1/../../../../arm-none-eabi/lib/thumb/v7e-m+fp/hard\libm.a(lib_a-s_atan.o)
                0x0000000008005668                . = ALIGN (0x4)

.rel.dyn        0x0000000008005668        0x0
 .rel.iplt      0x0000000008005668        0x0 c:/st/stm32cubeide_1.12.0/stm32cubeide/plugins/com.st.stm32cube.ide.mcu.externaltools.gnu-tools-for-stm32.10.3-2021.10.win32_1.0.200.202301161003/tools/bin/../lib/gcc/arm-none-eabi/10.3.1/thumb/v7e-m+fp/hard/crtbegin.o

.ARM.extab      0x0000000008005668        0x0
                0x0000000008005668                . = ALIGN (0x4)
 *(.ARM.extab* .gnu.linkonce.armextab.*)
                0x0000000008005668                . = ALIGN (0x4)

.ARM            0x0000000008005668        0x0
                0x0000000008005668                . = ALIGN (0x4)
                0x0000000008005668                __exidx_start = .
 *(.ARM.exidx*)
                0x0000000008005668                __exidx_end = .
                0x0000000008005668                . = ALIGN (0x4)

.preinit_array  0x0000000008005668        0x0
                0x0000000008005668                . = ALIGN (0x4)
                0x0000000008005668                PROVIDE (__preinit_array_start = .)
 *(.preinit_array*)
                0x0000000008005668                PROVIDE (__preinit_array_end = .)
                0x0000000008005668                . = ALIGN (0x4)

.init_array     0x0000000008005668        0x4
                0x0000000008005668                . = ALIGN (0x4)
                0x0000000008005668                PROVIDE (__init_array_start = .)
 *(SORT_BY_NAME(.init_array.*))
 *(.init_array*)
 .init_array    0x0000000008005668        0x4 c:/st/stm32cubeide_1.12.0/stm32cubeide/plugins/com.st.stm32cube.ide.mcu.externaltools.gnu-tools-for-stm32.10.3-2021.10.win32_1.0.200.202301161003/tools/bin/../lib/gcc/arm-none-eabi/10.3.1/thumb/v7e-m+fp/hard/crtbegin.o
                0x000000000800566c                PROVIDE (__init_array_end = .)
                0x000000000800566c                . = ALIGN (0x4)

.fini_array     0x000000000800566c        0x4
                0x000000000800566c                . = ALIGN (0x4)
                [!provide]                        PROVIDE (__fini_array_start = .)
 *(SORT_BY_NAME(.fini_array.*))
 *(.fini_array*)
 .fini_array    0x000000000800566c        0x4 c:/st/stm32cubeide_1.12.0/stm32cubeide/plugins/com.st.stm32cube.ide.mcu.externaltools.gnu-tools-for-stm32.10.3-2021.10.win32_1.0.200.202301161003/tools/bin/../lib/gcc/arm-none-eabi/10.3.1/thumb/v7e-m+fp/hard/crtbegin.o
                [!provide]                        PROVIDE (__fini_array_end = .)
                0x0000000008005670                . = ALIGN (0x4)
                0x0000000008005670                _sidata = LOADADDR (.data)

.data           0x0000000020000000        0xc load address 0x0000000008005670
                0x0000000020000000                . = ALIGN (0x4)
                0x0000000020000000                _sdata = .
 *(.data)
 *(.data*)
 .data.SystemCoreClock
                0x0000000020000000        0x4 ./Core/Src/system_stm32l4xx.o
                0x0000000020000000                SystemCoreClock
 .data.uwTickPrio
                0x0000000020000004        0x4 ./Drivers/STM32L4xx_HAL_Driver/Src/stm32l4xx_hal.o
                0x0000000020000004                uwTickPrio
 .data.uwTickFreq
                0x0000000020000008        0x1 ./Drivers/STM32L4xx_HAL_Driver/Src/stm32l4xx_hal.o
                0x0000000020000008                uwTickFreq
 *(.RamFunc)
 *(.RamFunc*)
                0x000000002000000c                . = ALIGN (0x4)
 *fill*         0x0000000020000009        0x3 
                0x000000002000000c                _edata = .

.igot.plt       0x000000002000000c        0x0 load address 0x000000000800567c
 .igot.plt      0x000000002000000c        0x0 c:/st/stm32cubeide_1.12.0/stm32cubeide/plugins/com.st.stm32cube.ide.mcu.externaltools.gnu-tools-for-stm32.10.3-2021.10.win32_1.0.200.202301161003/tools/bin/../lib/gcc/arm-none-eabi/10.3.1/thumb/v7e-m+fp/hard/crtbegin.o
                0x000000002000000c                . = ALIGN (0x4)

.bss            0x000000002000000c      0x1b4 load address 0x000000000800567c
                0x000000002000000c                _sbss = .
                0x000000002000000c                __bss_start__ = _sbss
 *(.bss)
 .bss           0x000000002000000c       0x1c c:/st/stm32cubeide_1.12.0/stm32cubeide/plugins/com.st.stm32cube.ide.mcu.externaltools.gnu-tools-for-stm32.10.3-2021.10.win32_1.0.200.202301161003/tools/bin/../lib/gcc/arm-none-eabi/10.3.1/thumb/v7e-m+fp/hard/crtbegin.o
 *(.bss*)
 .bss.hcan1     0x0000000020000028       0x28 ./Core/Src/main.o
                0x0000000020000028                hcan1
 .bss.hspi1     0x0000000020000050       0x64 ./Core/Src/main.o
                0x0000000020000050                hspi1
 .bss.htim2     0x00000000200000b4       0x4c ./Core/Src/main.o
                0x00000000200000b4                htim2
 .bss.CAN_TxHeader
                0x0000000020000100       0x18 ./Core/Src/drivers/drv_CAN_bus.o
                0x0000000020000100                CAN_TxHeader
 .bss.CAN_RxHeader
                0x0000000020000118       0x1c ./Core/Src/drivers/drv_CAN_bus.o
                0x0000000020000118                CAN_RxHeader
 .bss.CAN_TxMailbox
                0x0000000020000134        0x4 ./Core/Src/drivers/drv_CAN_bus.o
                0x0000000020000134                CAN_TxMailbox
 .bss.CAN_TxData
                0x0000000020000138        0x8 ./Core/Src/drivers/drv_CAN_bus.o
                0x0000000020000138                CAN_TxData
 .bss.CAN_RxData
                0x0000000020000140        0x8 ./Core/Src/drivers/drv_CAN_bus.o
                0x0000000020000140                CAN_RxData
 .bss.JB202_data
                0x0000000020000148        0x4 ./Core/Src/drivers/drv_CAN_bus.o
                0x0000000020000148                JB202_data
 .bss.JB203_data
                0x000000002000014c        0x4 ./Core/Src/drivers/drv_CAN_bus.o
                0x000000002000014c                JB203_data
 .bss.accel     0x0000000020000150        0xc ./Core/Src/drivers/drv_ICM-42670.o
                0x0000000020000150                accel
 .bss.gyro      0x000000002000015c        0xc ./Core/Src/drivers/drv_ICM-42670.o
                0x000000002000015c                gyro
 .bss.orientation
                0x0000000020000168        0xc ./Core/Src/drivers/drv_ICM-42670.o
                0x0000000020000168                orientation
 .bss.prev_orientation
                0x0000000020000174        0xc ./Core/Src/drivers/drv_ICM-42670.o
                0x0000000020000174                prev_orientation
 .bss.accel_orient
                0x0000000020000180        0xc ./Core/Src/drivers/drv_ICM-42670.o
                0x0000000020000180                accel_orient
 .bss.gyro_orient
                0x000000002000018c        0xc ./Core/Src/drivers/drv_ICM-42670.o
                0x000000002000018c                gyro_orient
 .bss.prev_accel_orient
                0x0000000020000198        0xc ./Core/Src/drivers/drv_ICM-42670.o
                0x0000000020000198                prev_accel_orient
 .bss.prev_gyro_orient
                0x00000000200001a4        0xc ./Core/Src/drivers/drv_ICM-42670.o
                0x00000000200001a4                prev_gyro_orient
 .bss.spi_buf   0x00000000200001b0        0xc ./Core/Src/drivers/drv_ICM-42670.o
                0x00000000200001b0                spi_buf
 .bss.uwTick    0x00000000200001bc        0x4 ./Drivers/STM32L4xx_HAL_Driver/Src/stm32l4xx_hal.o
                0x00000000200001bc                uwTick
 *(COMMON)
                0x00000000200001c0                . = ALIGN (0x4)
                0x00000000200001c0                _ebss = .
                0x00000000200001c0                __bss_end__ = _ebss

._user_heap_stack
                0x00000000200001c0      0x600 load address 0x000000000800567c
                0x00000000200001c0                . = ALIGN (0x8)
                [!provide]                        PROVIDE (end = .)
                0x00000000200001c0                PROVIDE (_end = .)
                0x00000000200003c0                . = (. + _Min_Heap_Size)
 *fill*         0x00000000200001c0      0x200 
                0x00000000200007c0                . = (. + _Min_Stack_Size)
 *fill*         0x00000000200003c0      0x400 
                0x00000000200007c0                . = ALIGN (0x8)

/DISCARD/
 libc.a(*)
 libm.a(*)
 libgcc.a(*)

.ARM.attributes
                0x0000000000000000       0x30
 *(.ARM.attributes)
 .ARM.attributes
                0x0000000000000000       0x1e c:/st/stm32cubeide_1.12.0/stm32cubeide/plugins/com.st.stm32cube.ide.mcu.externaltools.gnu-tools-for-stm32.10.3-2021.10.win32_1.0.200.202301161003/tools/bin/../lib/gcc/arm-none-eabi/10.3.1/thumb/v7e-m+fp/hard/crti.o
 .ARM.attributes
                0x000000000000001e       0x34 c:/st/stm32cubeide_1.12.0/stm32cubeide/plugins/com.st.stm32cube.ide.mcu.externaltools.gnu-tools-for-stm32.10.3-2021.10.win32_1.0.200.202301161003/tools/bin/../lib/gcc/arm-none-eabi/10.3.1/thumb/v7e-m+fp/hard/crtbegin.o
 .ARM.attributes
                0x0000000000000052       0x34 ./Core/Src/Footboard_main.o
 .ARM.attributes
                0x0000000000000086       0x34 ./Core/Src/main.o
 .ARM.attributes
                0x00000000000000ba       0x34 ./Core/Src/stm32l4xx_hal_msp.o
 .ARM.attributes
                0x00000000000000ee       0x34 ./Core/Src/stm32l4xx_it.o
 .ARM.attributes
                0x0000000000000122       0x34 ./Core/Src/system_stm32l4xx.o
 .ARM.attributes
                0x0000000000000156       0x34 ./Core/Src/drivers/drv_ADS130.o
 .ARM.attributes
                0x000000000000018a       0x34 ./Core/Src/drivers/drv_CAN_bus.o
 .ARM.attributes
                0x00000000000001be       0x34 ./Core/Src/drivers/drv_ICM-42670.o
 .ARM.attributes
                0x00000000000001f2       0x21 ./Core/Startup/startup_stm32l431rctx.o
 .ARM.attributes
                0x0000000000000213       0x34 ./Drivers/STM32L4xx_HAL_Driver/Src/stm32l4xx_hal.o
 .ARM.attributes
                0x0000000000000247       0x34 ./Drivers/STM32L4xx_HAL_Driver/Src/stm32l4xx_hal_can.o
 .ARM.attributes
                0x000000000000027b       0x34 ./Drivers/STM32L4xx_HAL_Driver/Src/stm32l4xx_hal_cortex.o
 .ARM.attributes
                0x00000000000002af       0x34 ./Drivers/STM32L4xx_HAL_Driver/Src/stm32l4xx_hal_gpio.o
 .ARM.attributes
                0x00000000000002e3       0x34 ./Drivers/STM32L4xx_HAL_Driver/Src/stm32l4xx_hal_pwr_ex.o
 .ARM.attributes
                0x0000000000000317       0x34 ./Drivers/STM32L4xx_HAL_Driver/Src/stm32l4xx_hal_rcc.o
 .ARM.attributes
                0x000000000000034b       0x34 ./Drivers/STM32L4xx_HAL_Driver/Src/stm32l4xx_hal_spi.o
 .ARM.attributes
                0x000000000000037f       0x34 ./Drivers/STM32L4xx_HAL_Driver/Src/stm32l4xx_hal_tim.o
 .ARM.attributes
                0x00000000000003b3       0x34 ./Drivers/STM32L4xx_HAL_Driver/Src/stm32l4xx_hal_tim_ex.o
 .ARM.attributes
                0x00000000000003e7       0x34 c:/st/stm32cubeide_1.12.0/stm32cubeide/plugins/com.st.stm32cube.ide.mcu.externaltools.gnu-tools-for-stm32.10.3-2021.10.win32_1.0.200.202301161003/tools/bin/../lib/gcc/arm-none-eabi/10.3.1/../../../../arm-none-eabi/lib/thumb/v7e-m+fp/hard\libc_nano.a(lib_a-init.o)
 .ARM.attributes
                0x000000000000041b       0x34 c:/st/stm32cubeide_1.12.0/stm32cubeide/plugins/com.st.stm32cube.ide.mcu.externaltools.gnu-tools-for-stm32.10.3-2021.10.win32_1.0.200.202301161003/tools/bin/../lib/gcc/arm-none-eabi/10.3.1/../../../../arm-none-eabi/lib/thumb/v7e-m+fp/hard\libc_nano.a(lib_a-memset.o)
 .ARM.attributes
                0x000000000000044f       0x34 c:/st/stm32cubeide_1.12.0/stm32cubeide/plugins/com.st.stm32cube.ide.mcu.externaltools.gnu-tools-for-stm32.10.3-2021.10.win32_1.0.200.202301161003/tools/bin/../lib/gcc/arm-none-eabi/10.3.1/../../../../arm-none-eabi/lib/thumb/v7e-m+fp/hard\libm.a(lib_a-w_atan2.o)
 .ARM.attributes
                0x0000000000000483       0x34 c:/st/stm32cubeide_1.12.0/stm32cubeide/plugins/com.st.stm32cube.ide.mcu.externaltools.gnu-tools-for-stm32.10.3-2021.10.win32_1.0.200.202301161003/tools/bin/../lib/gcc/arm-none-eabi/10.3.1/../../../../arm-none-eabi/lib/thumb/v7e-m+fp/hard\libm.a(lib_a-e_atan2.o)
 .ARM.attributes
                0x00000000000004b7       0x34 c:/st/stm32cubeide_1.12.0/stm32cubeide/plugins/com.st.stm32cube.ide.mcu.externaltools.gnu-tools-for-stm32.10.3-2021.10.win32_1.0.200.202301161003/tools/bin/../lib/gcc/arm-none-eabi/10.3.1/../../../../arm-none-eabi/lib/thumb/v7e-m+fp/hard\libm.a(lib_a-s_atan.o)
 .ARM.attributes
                0x00000000000004eb       0x34 c:/st/stm32cubeide_1.12.0/stm32cubeide/plugins/com.st.stm32cube.ide.mcu.externaltools.gnu-tools-for-stm32.10.3-2021.10.win32_1.0.200.202301161003/tools/bin/../lib/gcc/arm-none-eabi/10.3.1/../../../../arm-none-eabi/lib/thumb/v7e-m+fp/hard\libm.a(lib_a-s_fabs.o)
 .ARM.attributes
                0x000000000000051f       0x1e c:/st/stm32cubeide_1.12.0/stm32cubeide/plugins/com.st.stm32cube.ide.mcu.externaltools.gnu-tools-for-stm32.10.3-2021.10.win32_1.0.200.202301161003/tools/bin/../lib/gcc/arm-none-eabi/10.3.1/thumb/v7e-m+fp/hard\libgcc.a(_arm_addsubdf3.o)
 .ARM.attributes
                0x000000000000053d       0x1e c:/st/stm32cubeide_1.12.0/stm32cubeide/plugins/com.st.stm32cube.ide.mcu.externaltools.gnu-tools-for-stm32.10.3-2021.10.win32_1.0.200.202301161003/tools/bin/../lib/gcc/arm-none-eabi/10.3.1/thumb/v7e-m+fp/hard\libgcc.a(_arm_muldivdf3.o)
 .ARM.attributes
                0x000000000000055b       0x1e c:/st/stm32cubeide_1.12.0/stm32cubeide/plugins/com.st.stm32cube.ide.mcu.externaltools.gnu-tools-for-stm32.10.3-2021.10.win32_1.0.200.202301161003/tools/bin/../lib/gcc/arm-none-eabi/10.3.1/thumb/v7e-m+fp/hard\libgcc.a(_arm_cmpdf2.o)
 .ARM.attributes
                0x0000000000000579       0x1e c:/st/stm32cubeide_1.12.0/stm32cubeide/plugins/com.st.stm32cube.ide.mcu.externaltools.gnu-tools-for-stm32.10.3-2021.10.win32_1.0.200.202301161003/tools/bin/../lib/gcc/arm-none-eabi/10.3.1/thumb/v7e-m+fp/hard\libgcc.a(_arm_truncdfsf2.o)
 .ARM.attributes
                0x0000000000000597       0x1e c:/st/stm32cubeide_1.12.0/stm32cubeide/plugins/com.st.stm32cube.ide.mcu.externaltools.gnu-tools-for-stm32.10.3-2021.10.win32_1.0.200.202301161003/tools/bin/../lib/gcc/arm-none-eabi/10.3.1/thumb/v7e-m+fp/hard/crtn.o
OUTPUT(Footboard_V7.elf elf32-littlearm)
LOAD linker stubs
LOAD c:/st/stm32cubeide_1.12.0/stm32cubeide/plugins/com.st.stm32cube.ide.mcu.externaltools.gnu-tools-for-stm32.10.3-2021.10.win32_1.0.200.202301161003/tools/bin/../lib/gcc/arm-none-eabi/10.3.1/../../../../arm-none-eabi/lib/thumb/v7e-m+fp/hard\libc.a
LOAD c:/st/stm32cubeide_1.12.0/stm32cubeide/plugins/com.st.stm32cube.ide.mcu.externaltools.gnu-tools-for-stm32.10.3-2021.10.win32_1.0.200.202301161003/tools/bin/../lib/gcc/arm-none-eabi/10.3.1/../../../../arm-none-eabi/lib/thumb/v7e-m+fp/hard\libm.a
LOAD c:/st/stm32cubeide_1.12.0/stm32cubeide/plugins/com.st.stm32cube.ide.mcu.externaltools.gnu-tools-for-stm32.10.3-2021.10.win32_1.0.200.202301161003/tools/bin/../lib/gcc/arm-none-eabi/10.3.1/thumb/v7e-m+fp/hard\libgcc.a

.debug_info     0x0000000000000000    0x10754
 .debug_info    0x0000000000000000      0xddc ./Core/Src/Footboard_main.o
 .debug_info    0x0000000000000ddc     0x15c7 ./Core/Src/main.o
 .debug_info    0x00000000000023a3     0x14a2 ./Core/Src/stm32l4xx_hal_msp.o
 .debug_info    0x0000000000003845      0xb77 ./Core/Src/stm32l4xx_it.o
 .debug_info    0x00000000000043bc      0x5d4 ./Core/Src/system_stm32l4xx.o
 .debug_info    0x0000000000004990      0x852 ./Core/Src/drivers/drv_ADS130.o
 .debug_info    0x00000000000051e2      0x829 ./Core/Src/drivers/drv_CAN_bus.o
 .debug_info    0x0000000000005a0b      0xa38 ./Core/Src/drivers/drv_ICM-42670.o
 .debug_info    0x0000000000006443       0x22 ./Core/Startup/startup_stm32l431rctx.o
 .debug_info    0x0000000000006465      0xadd ./Drivers/STM32L4xx_HAL_Driver/Src/stm32l4xx_hal.o
 .debug_info    0x0000000000006f42     0x1022 ./Drivers/STM32L4xx_HAL_Driver/Src/stm32l4xx_hal_can.o
 .debug_info    0x0000000000007f64      0xdbb ./Drivers/STM32L4xx_HAL_Driver/Src/stm32l4xx_hal_cortex.o
 .debug_info    0x0000000000008d1f      0x821 ./Drivers/STM32L4xx_HAL_Driver/Src/stm32l4xx_hal_gpio.o
 .debug_info    0x0000000000009540      0x90c ./Drivers/STM32L4xx_HAL_Driver/Src/stm32l4xx_hal_pwr_ex.o
 .debug_info    0x0000000000009e4c      0xc97 ./Drivers/STM32L4xx_HAL_Driver/Src/stm32l4xx_hal_rcc.o
 .debug_info    0x000000000000aae3     0x1782 ./Drivers/STM32L4xx_HAL_Driver/Src/stm32l4xx_hal_spi.o
 .debug_info    0x000000000000c265     0x2d04 ./Drivers/STM32L4xx_HAL_Driver/Src/stm32l4xx_hal_tim.o
 .debug_info    0x000000000000ef69     0x17eb ./Drivers/STM32L4xx_HAL_Driver/Src/stm32l4xx_hal_tim_ex.o

.debug_abbrev   0x0000000000000000     0x24a5
 .debug_abbrev  0x0000000000000000      0x250 ./Core/Src/Footboard_main.o
 .debug_abbrev  0x0000000000000250      0x2e4 ./Core/Src/main.o
 .debug_abbrev  0x0000000000000534      0x1e1 ./Core/Src/stm32l4xx_hal_msp.o
 .debug_abbrev  0x0000000000000715      0x1c6 ./Core/Src/stm32l4xx_it.o
 .debug_abbrev  0x00000000000008db      0x116 ./Core/Src/system_stm32l4xx.o
 .debug_abbrev  0x00000000000009f1      0x1ac ./Core/Src/drivers/drv_ADS130.o
 .debug_abbrev  0x0000000000000b9d      0x1d3 ./Core/Src/drivers/drv_CAN_bus.o
 .debug_abbrev  0x0000000000000d70      0x1e7 ./Core/Src/drivers/drv_ICM-42670.o
 .debug_abbrev  0x0000000000000f57       0x12 ./Core/Startup/startup_stm32l431rctx.o
 .debug_abbrev  0x0000000000000f69      0x23a ./Drivers/STM32L4xx_HAL_Driver/Src/stm32l4xx_hal.o
 .debug_abbrev  0x00000000000011a3      0x25d ./Drivers/STM32L4xx_HAL_Driver/Src/stm32l4xx_hal_can.o
 .debug_abbrev  0x0000000000001400      0x316 ./Drivers/STM32L4xx_HAL_Driver/Src/stm32l4xx_hal_cortex.o
 .debug_abbrev  0x0000000000001716      0x1bb ./Drivers/STM32L4xx_HAL_Driver/Src/stm32l4xx_hal_gpio.o
 .debug_abbrev  0x00000000000018d1      0x1f3 ./Drivers/STM32L4xx_HAL_Driver/Src/stm32l4xx_hal_pwr_ex.o
 .debug_abbrev  0x0000000000001ac4      0x2bd ./Drivers/STM32L4xx_HAL_Driver/Src/stm32l4xx_hal_rcc.o
 .debug_abbrev  0x0000000000001d81      0x254 ./Drivers/STM32L4xx_HAL_Driver/Src/stm32l4xx_hal_spi.o
 .debug_abbrev  0x0000000000001fd5      0x264 ./Drivers/STM32L4xx_HAL_Driver/Src/stm32l4xx_hal_tim.o
 .debug_abbrev  0x0000000000002239      0x26c ./Drivers/STM32L4xx_HAL_Driver/Src/stm32l4xx_hal_tim_ex.o

.debug_aranges  0x0000000000000000      0xec8
 .debug_aranges
                0x0000000000000000       0x30 ./Core/Src/Footboard_main.o
 .debug_aranges
                0x0000000000000030       0x50 ./Core/Src/main.o
 .debug_aranges
                0x0000000000000080       0x50 ./Core/Src/stm32l4xx_hal_msp.o
 .debug_aranges
                0x00000000000000d0       0x70 ./Core/Src/stm32l4xx_it.o
 .debug_aranges
                0x0000000000000140       0x28 ./Core/Src/system_stm32l4xx.o
 .debug_aranges
                0x0000000000000168       0x28 ./Core/Src/drivers/drv_ADS130.o
 .debug_aranges
                0x0000000000000190       0x28 ./Core/Src/drivers/drv_CAN_bus.o
 .debug_aranges
                0x00000000000001b8       0x48 ./Core/Src/drivers/drv_ICM-42670.o
 .debug_aranges
                0x0000000000000200       0x28 ./Core/Startup/startup_stm32l431rctx.o
 .debug_aranges
                0x0000000000000228      0x130 ./Drivers/STM32L4xx_HAL_Driver/Src/stm32l4xx_hal.o
 .debug_aranges
                0x0000000000000358      0x138 ./Drivers/STM32L4xx_HAL_Driver/Src/stm32l4xx_hal_can.o
 .debug_aranges
                0x0000000000000490      0x118 ./Drivers/STM32L4xx_HAL_Driver/Src/stm32l4xx_hal_cortex.o
 .debug_aranges
                0x00000000000005a8       0x58 ./Drivers/STM32L4xx_HAL_Driver/Src/stm32l4xx_hal_gpio.o
 .debug_aranges
                0x0000000000000600      0x100 ./Drivers/STM32L4xx_HAL_Driver/Src/stm32l4xx_hal_pwr_ex.o
 .debug_aranges
                0x0000000000000700       0x90 ./Drivers/STM32L4xx_HAL_Driver/Src/stm32l4xx_hal_rcc.o
 .debug_aranges
                0x0000000000000790      0x1d8 ./Drivers/STM32L4xx_HAL_Driver/Src/stm32l4xx_hal_spi.o
 .debug_aranges
                0x0000000000000968      0x3e0 ./Drivers/STM32L4xx_HAL_Driver/Src/stm32l4xx_hal_tim.o
 .debug_aranges
                0x0000000000000d48      0x180 ./Drivers/STM32L4xx_HAL_Driver/Src/stm32l4xx_hal_tim_ex.o

.debug_ranges   0x0000000000000000      0xdb0
 .debug_ranges  0x0000000000000000       0x20 ./Core/Src/Footboard_main.o
 .debug_ranges  0x0000000000000020       0x40 ./Core/Src/main.o
 .debug_ranges  0x0000000000000060       0x40 ./Core/Src/stm32l4xx_hal_msp.o
 .debug_ranges  0x00000000000000a0       0x60 ./Core/Src/stm32l4xx_it.o
 .debug_ranges  0x0000000000000100       0x18 ./Core/Src/system_stm32l4xx.o
 .debug_ranges  0x0000000000000118       0x18 ./Core/Src/drivers/drv_ADS130.o
 .debug_ranges  0x0000000000000130       0x18 ./Core/Src/drivers/drv_CAN_bus.o
 .debug_ranges  0x0000000000000148       0x38 ./Core/Src/drivers/drv_ICM-42670.o
 .debug_ranges  0x0000000000000180       0x20 ./Core/Startup/startup_stm32l431rctx.o
 .debug_ranges  0x00000000000001a0      0x120 ./Drivers/STM32L4xx_HAL_Driver/Src/stm32l4xx_hal.o
 .debug_ranges  0x00000000000002c0      0x128 ./Drivers/STM32L4xx_HAL_Driver/Src/stm32l4xx_hal_can.o
 .debug_ranges  0x00000000000003e8      0x108 ./Drivers/STM32L4xx_HAL_Driver/Src/stm32l4xx_hal_cortex.o
 .debug_ranges  0x00000000000004f0       0x48 ./Drivers/STM32L4xx_HAL_Driver/Src/stm32l4xx_hal_gpio.o
 .debug_ranges  0x0000000000000538       0xf0 ./Drivers/STM32L4xx_HAL_Driver/Src/stm32l4xx_hal_pwr_ex.o
 .debug_ranges  0x0000000000000628       0x80 ./Drivers/STM32L4xx_HAL_Driver/Src/stm32l4xx_hal_rcc.o
 .debug_ranges  0x00000000000006a8      0x1c8 ./Drivers/STM32L4xx_HAL_Driver/Src/stm32l4xx_hal_spi.o
 .debug_ranges  0x0000000000000870      0x3d0 ./Drivers/STM32L4xx_HAL_Driver/Src/stm32l4xx_hal_tim.o
 .debug_ranges  0x0000000000000c40      0x170 ./Drivers/STM32L4xx_HAL_Driver/Src/stm32l4xx_hal_tim_ex.o

.debug_macro    0x0000000000000000    0x214ea
 .debug_macro   0x0000000000000000      0x20b ./Core/Src/Footboard_main.o
 .debug_macro   0x000000000000020b      0xa78 ./Core/Src/Footboard_main.o
 .debug_macro   0x0000000000000c83      0x1ad ./Core/Src/Footboard_main.o
 .debug_macro   0x0000000000000e30       0x2e ./Core/Src/Footboard_main.o
 .debug_macro   0x0000000000000e5e       0x28 ./Core/Src/Footboard_main.o
 .debug_macro   0x0000000000000e86       0x22 ./Core/Src/Footboard_main.o
 .debug_macro   0x0000000000000ea8       0x8e ./Core/Src/Footboard_main.o
 .debug_macro   0x0000000000000f36       0x51 ./Core/Src/Footboard_main.o
 .debug_macro   0x0000000000000f87      0x103 ./Core/Src/Footboard_main.o
 .debug_macro   0x000000000000108a       0x6a ./Core/Src/Footboard_main.o
 .debug_macro   0x00000000000010f4      0x1df ./Core/Src/Footboard_main.o
 .debug_macro   0x00000000000012d3       0x1c ./Core/Src/Footboard_main.o
 .debug_macro   0x00000000000012ef       0x22 ./Core/Src/Footboard_main.o
 .debug_macro   0x0000000000001311       0xfb ./Core/Src/Footboard_main.o
 .debug_macro   0x000000000000140c     0x1011 ./Core/Src/Footboard_main.o
 .debug_macro   0x000000000000241d      0x11f ./Core/Src/Footboard_main.o
 .debug_macro   0x000000000000253c    0x1511c ./Core/Src/Footboard_main.o
 .debug_macro   0x0000000000017658       0x6d ./Core/Src/Footboard_main.o
 .debug_macro   0x00000000000176c5     0x38e6 ./Core/Src/Footboard_main.o
 .debug_macro   0x000000000001afab      0x174 ./Core/Src/Footboard_main.o
 .debug_macro   0x000000000001b11f       0x5c ./Core/Src/Footboard_main.o
 .debug_macro   0x000000000001b17b     0x1328 ./Core/Src/Footboard_main.o
 .debug_macro   0x000000000001c4a3      0x5a5 ./Core/Src/Footboard_main.o
 .debug_macro   0x000000000001ca48      0x1b9 ./Core/Src/Footboard_main.o
 .debug_macro   0x000000000001cc01      0x11b ./Core/Src/Footboard_main.o
 .debug_macro   0x000000000001cd1c      0x26b ./Core/Src/Footboard_main.o
 .debug_macro   0x000000000001cf87      0x23d ./Core/Src/Footboard_main.o
 .debug_macro   0x000000000001d1c4      0x408 ./Core/Src/Footboard_main.o
 .debug_macro   0x000000000001d5cc      0x241 ./Core/Src/Footboard_main.o
 .debug_macro   0x000000000001d80d      0x375 ./Core/Src/Footboard_main.o
 .debug_macro   0x000000000001db82       0xd6 ./Core/Src/Footboard_main.o
 .debug_macro   0x000000000001dc58      0x122 ./Core/Src/Footboard_main.o
 .debug_macro   0x000000000001dd7a      0x2ee ./Core/Src/Footboard_main.o
 .debug_macro   0x000000000001e068      0x2fe ./Core/Src/Footboard_main.o
 .debug_macro   0x000000000001e366      0xa91 ./Core/Src/Footboard_main.o
 .debug_macro   0x000000000001edf7      0x12d ./Core/Src/Footboard_main.o
 .debug_macro   0x000000000001ef24      0x26d ./Core/Src/Footboard_main.o
 .debug_macro   0x000000000001f191       0x70 ./Core/Src/Footboard_main.o
 .debug_macro   0x000000000001f201       0x34 ./Core/Src/Footboard_main.o
 .debug_macro   0x000000000001f235       0x34 ./Core/Src/Footboard_main.o
 .debug_macro   0x000000000001f269       0x46 ./Core/Src/Footboard_main.o
 .debug_macro   0x000000000001f2af      0x1e3 ./Core/Src/main.o
 .debug_macro   0x000000000001f492       0x3a ./Core/Src/main.o
 .debug_macro   0x000000000001f4cc      0x1da ./Core/Src/stm32l4xx_hal_msp.o
 .debug_macro   0x000000000001f6a6      0x1e4 ./Core/Src/stm32l4xx_it.o
 .debug_macro   0x000000000001f88a      0x1cb ./Core/Src/system_stm32l4xx.o
 .debug_macro   0x000000000001fa55      0x2a3 ./Core/Src/drivers/drv_ADS130.o
 .debug_macro   0x000000000001fcf8       0x40 ./Core/Src/drivers/drv_ADS130.o
 .debug_macro   0x000000000001fd38       0x52 ./Core/Src/drivers/drv_ADS130.o
 .debug_macro   0x000000000001fd8a      0x19b ./Core/Src/drivers/drv_ADS130.o
 .debug_macro   0x000000000001ff25      0x205 ./Core/Src/drivers/drv_CAN_bus.o
 .debug_macro   0x000000000002012a      0x2a3 ./Core/Src/drivers/drv_ICM-42670.o
 .debug_macro   0x00000000000203cd       0x2e ./Core/Src/drivers/drv_ICM-42670.o
 .debug_macro   0x00000000000203fb      0x219 ./Drivers/STM32L4xx_HAL_Driver/Src/stm32l4xx_hal.o
 .debug_macro   0x0000000000020614      0x1d3 ./Drivers/STM32L4xx_HAL_Driver/Src/stm32l4xx_hal_can.o
 .debug_macro   0x00000000000207e7      0x1cb ./Drivers/STM32L4xx_HAL_Driver/Src/stm32l4xx_hal_cortex.o
 .debug_macro   0x00000000000209b2      0x1d2 ./Drivers/STM32L4xx_HAL_Driver/Src/stm32l4xx_hal_gpio.o
 .debug_macro   0x0000000000020b84      0x1ef ./Drivers/STM32L4xx_HAL_Driver/Src/stm32l4xx_hal_pwr_ex.o
 .debug_macro   0x0000000000020d73      0x20d ./Drivers/STM32L4xx_HAL_Driver/Src/stm32l4xx_hal_rcc.o
 .debug_macro   0x0000000000020f80      0x1d3 ./Drivers/STM32L4xx_HAL_Driver/Src/stm32l4xx_hal_spi.o
 .debug_macro   0x0000000000021153      0x1cc ./Drivers/STM32L4xx_HAL_Driver/Src/stm32l4xx_hal_tim.o
 .debug_macro   0x000000000002131f      0x1cb ./Drivers/STM32L4xx_HAL_Driver/Src/stm32l4xx_hal_tim_ex.o

.debug_line     0x0000000000000000    0x1062f
 .debug_line    0x0000000000000000      0x7b2 ./Core/Src/Footboard_main.o
 .debug_line    0x00000000000007b2      0x8c0 ./Core/Src/main.o
 .debug_line    0x0000000000001072      0x7b1 ./Core/Src/stm32l4xx_hal_msp.o
 .debug_line    0x0000000000001823      0x7cc ./Core/Src/stm32l4xx_it.o
 .debug_line    0x0000000000001fef      0x771 ./Core/Src/system_stm32l4xx.o
 .debug_line    0x0000000000002760      0x938 ./Core/Src/drivers/drv_ADS130.o
 .debug_line    0x0000000000003098      0x799 ./Core/Src/drivers/drv_CAN_bus.o
 .debug_line    0x0000000000003831      0xaa0 ./Core/Src/drivers/drv_ICM-42670.o
 .debug_line    0x00000000000042d1       0x88 ./Core/Startup/startup_stm32l431rctx.o
 .debug_line    0x0000000000004359      0xac9 ./Drivers/STM32L4xx_HAL_Driver/Src/stm32l4xx_hal.o
 .debug_line    0x0000000000004e22     0x1125 ./Drivers/STM32L4xx_HAL_Driver/Src/stm32l4xx_hal_can.o
 .debug_line    0x0000000000005f47      0xc70 ./Drivers/STM32L4xx_HAL_Driver/Src/stm32l4xx_hal_cortex.o
 .debug_line    0x0000000000006bb7      0xae9 ./Drivers/STM32L4xx_HAL_Driver/Src/stm32l4xx_hal_gpio.o
 .debug_line    0x00000000000076a0      0xb2e ./Drivers/STM32L4xx_HAL_Driver/Src/stm32l4xx_hal_pwr_ex.o
 .debug_line    0x00000000000081ce      0xf81 ./Drivers/STM32L4xx_HAL_Driver/Src/stm32l4xx_hal_rcc.o
 .debug_line    0x000000000000914f     0x1f03 ./Drivers/STM32L4xx_HAL_Driver/Src/stm32l4xx_hal_spi.o
 .debug_line    0x000000000000b052     0x3b06 ./Drivers/STM32L4xx_HAL_Driver/Src/stm32l4xx_hal_tim.o
 .debug_line    0x000000000000eb58     0x1ad7 ./Drivers/STM32L4xx_HAL_Driver/Src/stm32l4xx_hal_tim_ex.o

.debug_str      0x0000000000000000    0xcd2e8
 .debug_str     0x0000000000000000    0xc5cfd ./Core/Src/Footboard_main.o
                                      0xc6093 (size before relaxing)
 .debug_str     0x00000000000c5cfd      0x679 ./Core/Src/main.o
                                      0xc63e4 (size before relaxing)
 .debug_str     0x00000000000c6376      0x4b2 ./Core/Src/stm32l4xx_hal_msp.o
                                      0xc6456 (size before relaxing)
 .debug_str     0x00000000000c6828      0x113 ./Core/Src/stm32l4xx_it.o
                                      0xc5cd5 (size before relaxing)
 .debug_str     0x00000000000c693b       0xf2 ./Core/Src/system_stm32l4xx.o
                                      0xc54e3 (size before relaxing)
 .debug_str     0x00000000000c6a2d     0x3695 ./Core/Src/drivers/drv_ADS130.o
                                      0xc90fa (size before relaxing)
 .debug_str     0x00000000000ca0c2      0x1b2 ./Core/Src/drivers/drv_CAN_bus.o
                                      0xc5a65 (size before relaxing)
 .debug_str     0x00000000000ca274      0x156 ./Core/Src/drivers/drv_ICM-42670.o
                                      0xc923a (size before relaxing)
 .debug_str     0x00000000000ca3ca       0x36 ./Core/Startup/startup_stm32l431rctx.o
                                         0x76 (size before relaxing)
 .debug_str     0x00000000000ca400      0x640 ./Drivers/STM32L4xx_HAL_Driver/Src/stm32l4xx_hal.o
                                      0xc5f93 (size before relaxing)
 .debug_str     0x00000000000caa40      0x3d1 ./Drivers/STM32L4xx_HAL_Driver/Src/stm32l4xx_hal_can.o
                                      0xc5b6e (size before relaxing)
 .debug_str     0x00000000000cae11      0x31d ./Drivers/STM32L4xx_HAL_Driver/Src/stm32l4xx_hal_cortex.o
                                      0xc5c44 (size before relaxing)
 .debug_str     0x00000000000cb12e      0x128 ./Drivers/STM32L4xx_HAL_Driver/Src/stm32l4xx_hal_gpio.o
                                      0xc5657 (size before relaxing)
 .debug_str     0x00000000000cb256      0x40c ./Drivers/STM32L4xx_HAL_Driver/Src/stm32l4xx_hal_pwr_ex.o
                                      0xc591a (size before relaxing)
 .debug_str     0x00000000000cb662      0x38c ./Drivers/STM32L4xx_HAL_Driver/Src/stm32l4xx_hal_rcc.o
                                      0xc5ae3 (size before relaxing)
 .debug_str     0x00000000000cb9ee      0x58d ./Drivers/STM32L4xx_HAL_Driver/Src/stm32l4xx_hal_spi.o
                                      0xc5d01 (size before relaxing)
 .debug_str     0x00000000000cbf7b      0xde5 ./Drivers/STM32L4xx_HAL_Driver/Src/stm32l4xx_hal_tim.o
                                      0xc6810 (size before relaxing)
 .debug_str     0x00000000000ccd60      0x588 ./Drivers/STM32L4xx_HAL_Driver/Src/stm32l4xx_hal_tim_ex.o
                                      0xc6134 (size before relaxing)

.comment        0x0000000000000000       0x50
 .comment       0x0000000000000000       0x50 ./Core/Src/Footboard_main.o
                                         0x51 (size before relaxing)
 .comment       0x0000000000000050       0x51 ./Core/Src/main.o
 .comment       0x0000000000000050       0x51 ./Core/Src/stm32l4xx_hal_msp.o
 .comment       0x0000000000000050       0x51 ./Core/Src/stm32l4xx_it.o
 .comment       0x0000000000000050       0x51 ./Core/Src/system_stm32l4xx.o
 .comment       0x0000000000000050       0x51 ./Core/Src/drivers/drv_ADS130.o
 .comment       0x0000000000000050       0x51 ./Core/Src/drivers/drv_CAN_bus.o
 .comment       0x0000000000000050       0x51 ./Core/Src/drivers/drv_ICM-42670.o
 .comment       0x0000000000000050       0x51 ./Drivers/STM32L4xx_HAL_Driver/Src/stm32l4xx_hal.o
 .comment       0x0000000000000050       0x51 ./Drivers/STM32L4xx_HAL_Driver/Src/stm32l4xx_hal_can.o
 .comment       0x0000000000000050       0x51 ./Drivers/STM32L4xx_HAL_Driver/Src/stm32l4xx_hal_cortex.o
 .comment       0x0000000000000050       0x51 ./Drivers/STM32L4xx_HAL_Driver/Src/stm32l4xx_hal_gpio.o
 .comment       0x0000000000000050       0x51 ./Drivers/STM32L4xx_HAL_Driver/Src/stm32l4xx_hal_pwr_ex.o
 .comment       0x0000000000000050       0x51 ./Drivers/STM32L4xx_HAL_Driver/Src/stm32l4xx_hal_rcc.o
 .comment       0x0000000000000050       0x51 ./Drivers/STM32L4xx_HAL_Driver/Src/stm32l4xx_hal_spi.o
 .comment       0x0000000000000050       0x51 ./Drivers/STM32L4xx_HAL_Driver/Src/stm32l4xx_hal_tim.o
 .comment       0x0000000000000050       0x51 ./Drivers/STM32L4xx_HAL_Driver/Src/stm32l4xx_hal_tim_ex.o

.debug_frame    0x0000000000000000     0x3fd8
 .debug_frame   0x0000000000000000       0x74 ./Core/Src/Footboard_main.o
 .debug_frame   0x0000000000000074       0xe8 ./Core/Src/main.o
 .debug_frame   0x000000000000015c      0x110 ./Core/Src/stm32l4xx_hal_msp.o
 .debug_frame   0x000000000000026c      0x13c ./Core/Src/stm32l4xx_it.o
 .debug_frame   0x00000000000003a8       0x58 ./Core/Src/system_stm32l4xx.o
 .debug_frame   0x0000000000000400       0x58 ./Core/Src/drivers/drv_ADS130.o
 .debug_frame   0x0000000000000458       0x58 ./Core/Src/drivers/drv_CAN_bus.o
 .debug_frame   0x00000000000004b0       0xd4 ./Core/Src/drivers/drv_ICM-42670.o
 .debug_frame   0x0000000000000584      0x498 ./Drivers/STM32L4xx_HAL_Driver/Src/stm32l4xx_hal.o
 .debug_frame   0x0000000000000a1c      0x5a0 ./Drivers/STM32L4xx_HAL_Driver/Src/stm32l4xx_hal_can.o
 .debug_frame   0x0000000000000fbc      0x498 ./Drivers/STM32L4xx_HAL_Driver/Src/stm32l4xx_hal_cortex.o
 .debug_frame   0x0000000000001454      0x14c ./Drivers/STM32L4xx_HAL_Driver/Src/stm32l4xx_hal_gpio.o
 .debug_frame   0x00000000000015a0      0x404 ./Drivers/STM32L4xx_HAL_Driver/Src/stm32l4xx_hal_pwr_ex.o
 .debug_frame   0x00000000000019a4      0x21c ./Drivers/STM32L4xx_HAL_Driver/Src/stm32l4xx_hal_rcc.o
 .debug_frame   0x0000000000001bc0      0x860 ./Drivers/STM32L4xx_HAL_Driver/Src/stm32l4xx_hal_spi.o
 .debug_frame   0x0000000000002420     0x121c ./Drivers/STM32L4xx_HAL_Driver/Src/stm32l4xx_hal_tim.o
 .debug_frame   0x000000000000363c      0x6b0 ./Drivers/STM32L4xx_HAL_Driver/Src/stm32l4xx_hal_tim_ex.o
 .debug_frame   0x0000000000003cec       0x2c c:/st/stm32cubeide_1.12.0/stm32cubeide/plugins/com.st.stm32cube.ide.mcu.externaltools.gnu-tools-for-stm32.10.3-2021.10.win32_1.0.200.202301161003/tools/bin/../lib/gcc/arm-none-eabi/10.3.1/../../../../arm-none-eabi/lib/thumb/v7e-m+fp/hard\libc_nano.a(lib_a-init.o)
 .debug_frame   0x0000000000003d18       0x20 c:/st/stm32cubeide_1.12.0/stm32cubeide/plugins/com.st.stm32cube.ide.mcu.externaltools.gnu-tools-for-stm32.10.3-2021.10.win32_1.0.200.202301161003/tools/bin/../lib/gcc/arm-none-eabi/10.3.1/../../../../arm-none-eabi/lib/thumb/v7e-m+fp/hard\libc_nano.a(lib_a-memset.o)
 .debug_frame   0x0000000000003d38       0x20 c:/st/stm32cubeide_1.12.0/stm32cubeide/plugins/com.st.stm32cube.ide.mcu.externaltools.gnu-tools-for-stm32.10.3-2021.10.win32_1.0.200.202301161003/tools/bin/../lib/gcc/arm-none-eabi/10.3.1/../../../../arm-none-eabi/lib/thumb/v7e-m+fp/hard\libm.a(lib_a-w_atan2.o)
 .debug_frame   0x0000000000003d58       0x44 c:/st/stm32cubeide_1.12.0/stm32cubeide/plugins/com.st.stm32cube.ide.mcu.externaltools.gnu-tools-for-stm32.10.3-2021.10.win32_1.0.200.202301161003/tools/bin/../lib/gcc/arm-none-eabi/10.3.1/../../../../arm-none-eabi/lib/thumb/v7e-m+fp/hard\libm.a(lib_a-e_atan2.o)
 .debug_frame   0x0000000000003d9c       0x38 c:/st/stm32cubeide_1.12.0/stm32cubeide/plugins/com.st.stm32cube.ide.mcu.externaltools.gnu-tools-for-stm32.10.3-2021.10.win32_1.0.200.202301161003/tools/bin/../lib/gcc/arm-none-eabi/10.3.1/../../../../arm-none-eabi/lib/thumb/v7e-m+fp/hard\libm.a(lib_a-s_atan.o)
 .debug_frame   0x0000000000003dd4       0x20 c:/st/stm32cubeide_1.12.0/stm32cubeide/plugins/com.st.stm32cube.ide.mcu.externaltools.gnu-tools-for-stm32.10.3-2021.10.win32_1.0.200.202301161003/tools/bin/../lib/gcc/arm-none-eabi/10.3.1/../../../../arm-none-eabi/lib/thumb/v7e-m+fp/hard\libm.a(lib_a-s_fabs.o)
 .debug_frame   0x0000000000003df4       0xac c:/st/stm32cubeide_1.12.0/stm32cubeide/plugins/com.st.stm32cube.ide.mcu.externaltools.gnu-tools-for-stm32.10.3-2021.10.win32_1.0.200.202301161003/tools/bin/../lib/gcc/arm-none-eabi/10.3.1/thumb/v7e-m+fp/hard\libgcc.a(_arm_addsubdf3.o)
 .debug_frame   0x0000000000003ea0       0x50 c:/st/stm32cubeide_1.12.0/stm32cubeide/plugins/com.st.stm32cube.ide.mcu.externaltools.gnu-tools-for-stm32.10.3-2021.10.win32_1.0.200.202301161003/tools/bin/../lib/gcc/arm-none-eabi/10.3.1/thumb/v7e-m+fp/hard\libgcc.a(_arm_muldivdf3.o)
 .debug_frame   0x0000000000003ef0       0xc4 c:/st/stm32cubeide_1.12.0/stm32cubeide/plugins/com.st.stm32cube.ide.mcu.externaltools.gnu-tools-for-stm32.10.3-2021.10.win32_1.0.200.202301161003/tools/bin/../lib/gcc/arm-none-eabi/10.3.1/thumb/v7e-m+fp/hard\libgcc.a(_arm_cmpdf2.o)
 .debug_frame   0x0000000000003fb4       0x24 c:/st/stm32cubeide_1.12.0/stm32cubeide/plugins/com.st.stm32cube.ide.mcu.externaltools.gnu-tools-for-stm32.10.3-2021.10.win32_1.0.200.202301161003/tools/bin/../lib/gcc/arm-none-eabi/10.3.1/thumb/v7e-m+fp/hard\libgcc.a(_arm_truncdfsf2.o)
